05-22 23:57:18.743 I/Edge.badge(16058): updateBadge item = com.android.systemui:-1 1
05-22 23:57:18.747 D/InterruptionStateProvider( 5568):  no Heads up : edgelighting enabled app. -1|com.android.systemui|2131428820|charging_state|10052
05-22 23:57:18.754 W/Looper  ( 5568): Slow dispatch took 16ms main h=android.os.Handler c=com.android.systemui.statusbar.NotificationListener$$ExternalSyntheticLambda1@72437b6 m=0
05-22 23:57:18.754 D/PeopleSpaceWidgetMgr( 5568): Sbn doesn't contain valid PeopleTileKey: null/-1/com.android.systemui
05-22 23:57:18.758 D/QS      ( 5568): setQSExpansion 0.0 -142.8
05-22 23:57:18.758 D/QS      ( 5568): setQSExpansion 0.0 -142.8
05-22 23:57:18.797 W/Looper  ( 5568): Slow dispatch took 17ms main h=android.os.AsyncTask$InternalHandler c=null m=1
05-22 23:57:18.802 D/QS      ( 5568): setQSExpansion 0.0 -142.8
05-22 23:57:18.802 D/QS      ( 5568): setQSExpansion 0.0 -142.8
05-22 23:57:18.820 D/SemNscXgbMsL1( 5213): Probability - Cloud gaming: [0.0077966144]
05-22 23:57:18.820 D/SemNscXgbMsL1( 5213): Probability - Real time: [0.741818]
05-22 23:57:18.820 D/SemNscXgbMsL1( 5213): Probability - Non real time: [0.9754252]
05-22 23:57:18.820 D/SemNscXgbMsL1( 5213): 1 sample inference time: 0.846615 msecs
05-22 23:57:18.821 D/SemNscXgbL2Rt( 5213): L2 RT 1 sample inference time: 0.809423 msecs
05-22 23:57:18.822 D/SemNscXgbL2Nrt( 5213): L2 NRT 1 sample inference time: 0.6315 msecs
05-22 23:57:19.032 E/SurfaceFlinger( 4899): Attempt to update InputPolicyFlags without permission ACCESS_SURFACE_FLINGER
05-22 23:57:19.324 D/SemNscXgbMsL1( 5213): Probability - Cloud gaming: [0.0106146205]
05-22 23:57:19.324 D/SemNscXgbMsL1( 5213): Probability - Real time: [0.8785796]
05-22 23:57:19.324 D/SemNscXgbMsL1( 5213): Probability - Non real time: [0.9257293]
05-22 23:57:19.324 D/SemNscXgbMsL1( 5213): 1 sample inference time: 0.635269 msecs
05-22 23:57:19.326 D/SemNscXgbL2Rt( 5213): L2 RT 1 sample inference time: 0.888385 msecs
05-22 23:57:19.327 D/SemNscXgbL2Nrt( 5213): L2 NRT 1 sample inference time: 0.926615 msecs
05-22 23:57:19.539 E/SurfaceFlinger( 4899): Attempt to update InputPolicyFlags without permission ACCESS_SURFACE_FLINGER
05-22 23:57:19.829 D/SemNscXgbMsL1( 5213): Probability - Cloud gaming: [0.027884716]
05-22 23:57:19.829 D/SemNscXgbMsL1( 5213): Probability - Real time: [0.6143251]
05-22 23:57:19.829 D/SemNscXgbMsL1( 5213): Probability - Non real time: [0.9480863]
05-22 23:57:19.829 D/SemNscXgbMsL1( 5213): 1 sample inference time: 0.774923 msecs
05-22 23:57:19.831 D/SemNscXgbL2Rt( 5213): L2 RT 1 sample inference time: 1.105616 msecs
05-22 23:57:19.832 D/SemNscXgbL2Nrt( 5213): L2 NRT 1 sample inference time: 0.895116 msecs
05-22 23:57:20.031 E/SurfaceFlinger( 4899): Attempt to update InputPolicyFlags without permission ACCESS_SURFACE_FLINGER
05-22 23:57:20.333 D/SemNscXgbMsL1( 5213): Probability - Cloud gaming: [0.029934539]
05-22 23:57:20.333 D/SemNscXgbMsL1( 5213): Probability - Real time: [0.75087816]
05-22 23:57:20.333 D/SemNscXgbMsL1( 5213): Probability - Non real time: [0.9654778]
05-22 23:57:20.333 D/SemNscXgbMsL1( 5213): 1 sample inference time: 0.3505 msecs
05-22 23:57:20.334 D/SemNscXgbL2Rt( 5213): L2 RT 1 sample inference time: 0.462577 msecs
05-22 23:57:20.334 D/SemNscXgbL2Nrt( 5213): L2 NRT 1 sample inference time: 0.437308 msecs
05-22 23:57:20.514 D/MobileStatusTracker(0/3)( 5568): onSignalStrengthsChanged signalStrength=SignalStrength:{mCdma=Invalid,mGsm=Invalid,mWcdma=Invalid,mTdscdma=Invalid,mLte=CellSignalStrengthLte: rssi=-103 rsrp=-103 rsrq=-12 rssnr=0 cqiTableIndex=2147483647 cqi=7 ta=2147483647 level=3 parametersUseForLevel=0,mNr=Invalid,SignalBarInfo{ lteLevel=3 },rat=14,primary=CellSignalStrengthLte} level=3
05-22 23:57:20.517 D/NetworkController( 5568): SignalStrength from intent slotId=0
05-22 23:57:20.539 E/SurfaceFlinger( 4899): Attempt to update InputPolicyFlags without permission ACCESS_SURFACE_FLINGER
05-22 23:57:20.703 I/wpa_supplicant(14300): Heartbeat 1113
05-22 23:57:20.836 D/SemNscXgbMsL1( 5213): Probability - Cloud gaming: [0.026210781]
05-22 23:57:20.837 D/SemNscXgbMsL1( 5213): Probability - Real time: [0.55190283]
05-22 23:57:20.837 D/SemNscXgbMsL1( 5213): Probability - Non real time: [0.9293534]
05-22 23:57:20.837 D/SemNscXgbMsL1( 5213): 1 sample inference time: 0.700539 msecs
05-22 23:57:20.838 D/SemNscXgbL2Rt( 5213): L2 RT 1 sample inference time: 0.896538 msecs
05-22 23:57:20.839 D/SemNscXgbL2Nrt( 5213): L2 NRT 1 sample inference time: 0.989884 msecs
05-22 23:57:21.048 E/SurfaceFlinger( 4899): Attempt to update InputPolicyFlags without permission ACCESS_SURFACE_FLINGER
05-22 23:57:21.341 D/SemNscXgbMsL1( 5213): Probability - Cloud gaming: [0.024496427]
05-22 23:57:21.342 D/SemNscXgbMsL1( 5213): Probability - Real time: [0.3733212]
05-22 23:57:21.342 D/SemNscXgbMsL1( 5213): Probability - Non real time: [0.93668365]
05-22 23:57:21.342 D/SemNscXgbMsL1( 5213): 1 sample inference time: 0.679538 msecs
05-22 23:57:21.343 D/SemNscXgbL2Rt( 5213): L2 RT 1 sample inference time: 1.034538 msecs
05-22 23:57:21.344 D/SemNscXgbL2Nrt( 5213): L2 NRT 1 sample inference time: 0.851885 msecs
05-22 23:57:21.550 E/SurfaceFlinger( 4899): Attempt to update InputPolicyFlags without permission ACCESS_SURFACE_FLINGER
05-22 23:57:21.665 E/audit   ( 4782): type=1400 audit(1779474441.659:257852): avc:  denied  { write } for  pid=31284 comm="ThreadPoolForeg" name="traced_producer" dev="tmpfs" ino=28072 scontext=u:r:gmscore_app:s0:c512,c768 tcontext=u:object_r:traced_producer_socket:s0 tclass=sock_file permissive=0 SEPF_SM-M215F_12_0001 audit_filtered
05-22 23:57:21.665 E/audit   ( 4782): type=1300 audit(1779474441.659:257852): arch=c00000b7 syscall=203 success=no exit=-13 a0=6 a1=7418343220 a2=1e a3=74befe7aac items=0 ppid=4803 pid=31284 auid=4294967295 uid=9510198 gid=9510198 euid=9510198 suid=9510198 fsuid=9510198 egid=9510198 sgid=9510198 fsgid=9510198 tty=(none) ses=4294967295 comm="ThreadPoolForeg" exe="/system/bin/app_process64" subj=u:r:gmscore_app:s0:c512,c768 key=(null)
05-22 23:57:21.665 E/audit   ( 4782): type=1327 audit(1779474441.659:257852): proctitle="com.google.android.gms.persistent"
05-22 23:57:21.846 D/SemNscXgbMsL1( 5213): Probability - Cloud gaming: [0.010188746]
05-22 23:57:21.846 D/SemNscXgbMsL1( 5213): Probability - Real time: [0.6238389]
05-22 23:57:21.847 D/SemNscXgbMsL1( 5213): Probability - Non real time: [0.9570098]
05-22 23:57:21.847 D/SemNscXgbMsL1( 5213): 1 sample inference time: 0.828692 msecs
05-22 23:57:21.848 D/SemNscXgbL2Rt( 5213): L2 RT 1 sample inference time: 0.982615 msecs
05-22 23:57:21.849 D/SemNscXgbL2Nrt( 5213): L2 NRT 1 sample inference time: 0.852039 msecs
05-22 23:57:22.040 E/SurfaceFlinger( 4899): Attempt to update InputPolicyFlags without permission ACCESS_SURFACE_FLINGER
05-22 23:57:22.115 D/ProcessState( 2887): Binder ioctl to enable oneway spam detection failed: Invalid argument
05-22 23:57:22.120 D/InputDispatcher( 5213): Inject motion (2887): action=0x0, time=1018543137000000, f=0x0, d=0
05-22 23:57:22.120 I/InputDispatcher( 5213): Delivering touch to (5568): action: 0x4, f=0x0, d=0, '984aa93', t=1 
05-22 23:57:22.120 I/InputDispatcher( 5213): Delivering touch to (937): action: 0x0, f=0x0, d=0, 'cc3a094', t=1 
05-22 23:57:22.121 I/GestureDetector( 5213): obtain mCurrentDownEvent. id: -591820018 caller: com.android.server.wm.SystemGesturesPointerEventListener.onPointerEvent:179 com.android.server.wm.PointerEventDispatcher.onInputEvent:71 android.view.InputEventReceiver.dispatchInputEvent:259 
05-22 23:57:22.121 D/PowerManagerService( 5213): UserActivityStateListenerState: 1
05-22 23:57:22.121 I/GestureDetector( 5213): obtain mCurrentDownEvent. id: -591820018 caller: com.android.server.wm.SystemPerformancePointerEventListener.onPointerEvent:89 com.android.server.wm.PointerEventDispatcher.onInputEvent:71 android.view.InputEventReceiver.dispatchInputEvent:259 
05-22 23:57:22.122 I/ViewRootImpl@f63227f[MainActivity](  937): ViewPostIme pointer 0
05-22 23:57:22.122 I/MSHandlerLifeCycle(  937): isMultiSplitHandlerRequested: windowingMode=1 isFullscreen=true isPopOver=false isHidden=false skipActivityType=false isHandlerType=true this: DecorView@9447753[MainActivity]
05-22 23:57:22.123 W/TouchInteractionService( 5975): onInputEvent, inputConsumer = com.android.quickstep.-$$Lambda$InputConsumer$cayMJybMMyH-XvJ76yEWjWeqQUo@7a1bfa1
05-22 23:57:22.127 D/InputDispatcher( 5213): Inject motion (2887): action=0x1, time=1018543137000000, f=0x0, d=0
05-22 23:57:22.127 I/InputDispatcher( 5213): Delivering touch to (937): action: 0x1, f=0x0, d=0, 'cc3a094', t=1 
05-22 23:57:22.127 I/ViewRootImpl@f63227f[MainActivity](  937): ViewPostIme pointer 1
05-22 23:57:22.128 I/MSHandlerLifeCycle(  937): isMultiSplitHandlerRequested: windowingMode=1 isFullscreen=true isPopOver=false isHidden=false skipActivityType=false isHandlerType=true this: DecorView@9447753[MainActivity]
05-22 23:57:22.128 W/TouchInteractionService( 5975): reset
05-22 23:57:22.128 I/GestureDetector( 5213): obtain mCurrentMotionEventRaw. action: 1 id: -256227787
05-22 23:57:22.128 I/GestureDetector( 5213): obtain mCurrentMotionEventRaw. action: 1 id: -256227787
05-22 23:57:22.142 D/InputMethodManager(  937): startInputInner - Id : 0
05-22 23:57:22.142 I/InputMethodManager(  937): startInputInner - mService.startInputOrWindowGainedFocus
05-22 23:57:22.144 V/InputMethodManagerService( 5213): startInputOrWindowGainedFocusInternalLocked: reason=APP_CALLED_RESTART_INPUT_API clientState=5575bbf attribute=android.view.inputmethod.EditorInfo@77e95e startInputFlags=VIEW_HAS_FOCUS|IS_TEXT_EDITOR softInputMode=STATE_UNSPECIFIED|ADJUST_RESIZE windowFlags=#81810100 sameWindowFocused=true
05-22 23:57:22.144 D/InputMethodManagerService( 5213): mDesktopModeManager null!
05-22 23:57:22.144 V/InputMethodManagerService( 5213): getDisplayIdOfInputMethodWindowToBeAdded : 0
05-22 23:57:22.145 D/InputMethodManagerService( 5213): checkDisplayOfStartInputAndUpdateKeyboard display Id 0last 0
05-22 23:57:22.145 V/InputMethodManagerService( 5213): Attach new input asks to show input
05-22 23:57:22.145 D/InputMethodManagerService( 5213): ACCESS_CONTROL_ENABLED = false, ACCESS_CONTROL_KEYBOARD_BLOCK = false
05-22 23:57:22.145 D/InputMethodManagerService( 5213): showCurrentInputLocked: mCurToken=android.os.Binder@cb3cfb4, showForced=false, showExplicitlyRequestedtrue
05-22 23:57:22.145 I/InputMethodManagerService( 5213): Calling com.android.internal.view.IInputMethod$Stub$Proxy@ede5b1c.showSoftInput(android.os.Binder@e95a0c, 1, null) for reason: ATTACH_NEW_INPUT
05-22 23:57:22.146 D/InputTransport( 5213): Input channel constructed: 'ClientS', fd=720
05-22 23:57:22.146 D/InputTransport( 5213): Input channel destroyed: 'ClientS', fd=720
05-22 23:57:22.146 I/HBD     (11039): HoneyBoardService [IMI] onStartInput - caller pid : 937 , caller uid : 10918 
05-22 23:57:22.146 I/HBD     (11039): j updateConfigs 
05-22 23:57:22.147 I/HBD     (11039): j isEnabledNightMode : true 
05-22 23:57:22.147 I/HBD     (11039): a IC have been binding, InputConnectionWrapper{idHash=#baf8ff1 mMissingMethods=} 
05-22 23:57:22.147 I/HBD     (11039): h [EditorInputType]setPrivateImeOptionsToTable privateImeOptions ( null )
05-22 23:57:22.147 I/HBD     (11039): b incognitoMode : false 
05-22 23:57:22.147 I/HBD     (11039): h getDefaultInputRange : UNKNOWN 
05-22 23:57:22.148 I/HBD     (11039): h getDefaultInputRange : UNKNOWN 
05-22 23:57:22.148 I/HBD     (11039): h getDefaultInputRange : UNKNOWN 
05-22 23:57:22.150 I/HBD     (11039): a update cached prediction status : true 
05-22 23:57:22.150 I/HBD     (11039): h getDefaultInputRange : UNKNOWN 
05-22 23:57:22.150 I/HBD     (11039): a currentState : 0 
05-22 23:57:22.152 I/HBD     (11039): h load selected json path : /data/user/0/com.samsung.android.honeyboard/files/selected.json 
05-22 23:57:22.152 I/HBD     (11039): h load selected json info : {"version":"1.0","currentLanguageOrder":0,"selected":[{"activeOptionList":["auto_replace","auto_spacing","writing_assistant"],"engName":"English","id":65537,"inputType":"qwerty","isUsed":true},{"activeOptionList":["auto_replace","auto_spacing"],"engName":"Sinhala","id":6488064,"inputType":"qwerty","isUsed":true},{"activeOptionList":["auto_replace","auto_spacing"],"engName":"Tamil","id":6619136,"inputType":"qwerty_indian_vertical","isUsed":true}]} 
05-22 23:57:22.152 I/HBD     (11039): a [UpdatePolicy] [post] a: 0 cl: 65537 kit: [0/0] vt: 0 ir: 1 
05-22 23:57:22.153 I/HBD     (11039): HoneyBoardService [PF_OP][onStartInput]  6740884 ns 
05-22 23:57:22.153 I/HBD     (11039): HoneyBoardService onStartInputView : restarting = true, client = com.algorithmx.q_base 
05-22 23:57:22.153 I/HBD     (11039): h [EditorInputType]setPrivateImeOptionsToTable privateImeOptions ( null )
05-22 23:57:22.153 I/HBD     (11039): b incognitoMode : false 
05-22 23:57:22.154 I/HBD     (11039): h getDefaultInputRange : UNKNOWN 
05-22 23:57:22.154 I/HBD     (11039): h getDefaultInputRange : UNKNOWN 
05-22 23:57:22.154 I/HBD     (11039): h getDefaultInputRange : UNKNOWN 
05-22 23:57:22.154 I/SemDvfsHyPerManager(11039): acquire hyper - SKBD_RE_ENTER_SHOW/11039@1, type = -999
05-22 23:57:22.154 I/HBD     (11039): HoneyBoardService onStartInputViewInternal: inputType=0x28001, imeOptions=0x42000000, initialSelStart=0, initialSelEnd=0 
05-22 23:57:22.154 I/HBD     (11039): f applyThemesPolicy 
05-22 23:57:22.154 I/HBD     (11039): e mUsedOpenTheme = false IsRequiredDarkTypeTheme = true night mode : true mIsEnabledHighContrast = false mIsOpenThemeForHoneyBoardInstalled = true mIsWallpaperThemeInstalled = true mIsThemeParkTheme = false
05-22 23:57:22.154 I/HBD     (11039): a theme : Dark mode and no theme park 
05-22 23:57:22.155 I/HBD     (11039): f required dark type theme, isCoverDisplayTheme :  false
05-22 23:57:22.155 I/HBD     (11039): f update KeyboardTheme themeIndex : 0x 12000000  theme :  Dark
05-22 23:57:22.155 I/HBD     (11039): a set Theme convertedIndex : 4 
05-22 23:57:22.155 I/HBD     (11039): a themeStyleSet :4 
05-22 23:57:22.155 I/HBD     (11039): a updatePredictionStatus : 1, editorOpt 
05-22 23:57:22.155 I/HBD     (11039): a updateForEditorClass isPredictionOn = true 
05-22 23:57:22.156 I/HYPER-HAL( 4840): [RequestManager.cpp]acquire(): Acquired ID : 60946321  [11039 / 1]    HINT : KBD_APP_RE_ENTER_VIEW    list : [TIMEOUT / 400] 
05-22 23:57:22.222 E/SurfaceFlinger( 4899): Attempt to update InputPolicyFlags without permission ACCESS_SURFACE_FLINGER
05-22 23:57:22.231 I/HBD     (11039): a [PF_KL][HBIC] getTextBeforeCursor t, 72 
05-22 23:57:22.238 E/SurfaceFlinger( 4899): Attempt to update InputPolicyFlags without permission ACCESS_SURFACE_FLINGER
05-22 23:57:22.263 I/HBD     (11039): a [PF_KL][HBIC] getTextAfterCursor t, 32 
05-22 23:57:22.263 I/HBD     (11039): al EBD ssu f 1 
05-22 23:57:22.270 E/SurfaceFlinger( 4899): Attempt to update InputPolicyFlags without permission ACCESS_SURFACE_FLINGER
05-22 23:57:22.286 I/HBD     (11039): a [PF_KL][HBIC] getCursorCapsMode t, 23 
05-22 23:57:22.287 E/SurfaceFlinger( 4899): Attempt to update InputPolicyFlags without permission ACCESS_SURFACE_FLINGER
05-22 23:57:22.287 I/HBD     (11039): a [UpdatePolicy] [post] a: 1 cl: 65537 kit: [0/0] vt: 0 ir: 1 
05-22 23:57:22.288 I/HBD     (11039): a update cached prediction status : true 
05-22 23:57:22.292 D/SettingsProvider( 5213): isChangeAllowed() : name = enabled_input_methods
05-22 23:57:22.292 D/SettingsProvider( 5213): edmUri: content://com.sec.knox.provider/RestrictionPolicy3
05-22 23:57:22.293 D/SettingsProvider( 5213): projectionArgs: isSettingsChangesAllowed
05-22 23:57:22.293 D/SettingsProvider( 5213): selectionArgs: false
05-22 23:57:22.293 D/SettingsProvider( 5213): selectionArgs: 10298
05-22 23:57:22.293 D/SecContentProvider( 5213): query(), uri = 17 selection = isSettingsChangesAllowed
05-22 23:57:22.293 D/SecContentProvider( 5213): called from android.uid.honeyboard:10298
05-22 23:57:22.294 D/RestrictionPolicy( 5213): isSettingsChangesAllowedAsUser, userId 0 : true
05-22 23:57:22.294 D/SettingsProvider( 5213): ret = 1
05-22 23:57:22.295 D/SettingsProvider( 5213): isChangeAllowed() : name = default_input_method
05-22 23:57:22.295 D/SettingsProvider( 5213): edmUri: content://com.sec.knox.provider/RestrictionPolicy3
05-22 23:57:22.295 D/SettingsProvider( 5213): projectionArgs: isSettingsChangesAllowed
05-22 23:57:22.295 D/SettingsProvider( 5213): selectionArgs: false
05-22 23:57:22.295 D/SettingsProvider( 5213): selectionArgs: 10298
05-22 23:57:22.295 D/SecContentProvider( 5213): query(), uri = 17 selection = isSettingsChangesAllowed
05-22 23:57:22.295 D/SecContentProvider( 5213): called from android.uid.honeyboard:10298
05-22 23:57:22.296 D/RestrictionPolicy( 5213): isSettingsChangesAllowedAsUser, userId 0 : true
05-22 23:57:22.296 D/SettingsProvider( 5213): ret = 1
05-22 23:57:22.297 I/HBD     (11039): m updated Sub Types. English 
05-22 23:57:22.298 I/HBD     (11039): a InputMethodSubtype is set as local:en_US 
05-22 23:57:22.303 E/SurfaceFlinger( 4899): Attempt to update InputPolicyFlags without permission ACCESS_SURFACE_FLINGER
05-22 23:57:22.319 E/SurfaceFlinger( 4899): Attempt to update InputPolicyFlags without permission ACCESS_SURFACE_FLINGER
05-22 23:57:22.336 E/SurfaceFlinger( 4899): Attempt to update InputPolicyFlags without permission ACCESS_SURFACE_FLINGER
05-22 23:57:22.349 D/SemNscXgbMsL1( 5213): Probability - Cloud gaming: [0.018468613]
05-22 23:57:22.350 D/SemNscXgbMsL1( 5213): Probability - Real time: [0.8339315]
05-22 23:57:22.350 D/SemNscXgbMsL1( 5213): Probability - Non real time: [0.9511286]
05-22 23:57:22.350 D/SemNscXgbMsL1( 5213): 1 sample inference time: 0.382539 msecs
05-22 23:57:22.350 D/SemNscXgbL2Rt( 5213): L2 RT 1 sample inference time: 0.576231 msecs
05-22 23:57:22.351 D/SemNscXgbL2Nrt( 5213): L2 NRT 1 sample inference time: 0.462847 msecs
05-22 23:57:22.352 E/SurfaceFlinger( 4899): Attempt to update InputPolicyFlags without permission ACCESS_SURFACE_FLINGER
05-22 23:57:22.368 E/SurfaceFlinger( 4899): Attempt to update InputPolicyFlags without permission ACCESS_SURFACE_FLINGER
05-22 23:57:22.377 I/HBD     (11039): b updateConfig: [LanguageItem] English / [KeyboardViewTypeItem] 0 / [KeyboardInputTypeItem] mainType(0), subType(0) / [CurrentLanguageInputTypeItem] mainType(0), subType(0) / [KeyboardInputRangeItem] 1 / [HandwritingModeItem] false / [SelectedLanguageItem] 3 / [LocaleItem] en-US,si-LK,hi-IN / [TextOrNullInputClassItem] true / [DateInputTypeItem] false / [DateTimeInputTypeItem] false /  
05-22 23:57:22.377 I/HBD     (11039): b updateConfig: [DecimalNumberInputTypeItem] false / [NumberOnlyInputTypeItem] false / [NumberPasswordInputTypeItem] false / [PhoneNumberInputClassItem] false / [SignedDecimalNumberInputTypeItem] false / [SignedNumberInputTypeItem] false / [EmailInputTypeItem] false / [UrlInputTypeItem] false / [UrlEmailModeItem] false / [PasswordInputTypeItem] false / [WebPasswordEditorItem] false /  
05-22 23:57:22.377 I/HBD     (11039): b updateConfig: [NumberInputClassItem] false / [DateTimeInputClassItem] false / [DigitEditorItem] false / [MonthInputTypeItem] false / [YearDateTimeInputTypeItem] false / [IPAddressInputTypeItem] false / [FileNameInputTypeItem] false / [CustomSymbolsForPeriodKeyItem] false / [OptionInputTypeItem] false / [DisableHanjaInputItem] false / [DisableCmKeyInputItem] false /  
05-22 23:57:22.377 I/HBD     (11039): b updateConfig: [DisableCommaKeyInputItem] false / [DisableLanguageChangeKeyItem] false / [DisableSpaceKeyItem] false / [NumberPickerInputItem] false / [TimeInputTypeItem] false / [NumberKeyFirstLineItem] true / [AlternativeCharacterItem] false / [SimpleRowStyleItem] false / [HighContrastItem] false / [TouchAndHoldSpaceBarTypeItem] cursor_control / [UseContinuousInputItem] false /  
05-22 23:57:22.377 I/HBD     (11039): b updateConfig: [UseToolBarItem] true / [OrientationItem] false / [DensityItem] 2.625 / [DisplayWidthItem] 0x1080 / [DisplayHeightItem] 0x2257 / [MainTextLabelItem] 1 / [LanguageSwitchingUsingSpaceBarItem] true / [LanguageSwitchingUsingKeyItem] false / [TransliterationTypingModeItem] false / [CoverDisplayModeItem] false / [TalkBackEnabledItem] false /  
05-22 23:57:22.377 I/HBD     (11039): b updateConfig: [Japanese8FlickCustomisationItem] false / [VoiceEnabledItem] true / [SamsungVoiceImeItem] false / [PredictionStatusItem] true /  
05-22 23:57:22.378 I/HBD     (11039): a update cached prediction status : true 
05-22 23:57:22.378 I/HBD     (11039): ::BnR:: d HONEY_SUPPORT_DATA_MIGRATION_FROM_SKBD : true, isMigrateNotNeeded : true, isFinishMigPreferences : false, isPasswordInputType : falseisUserUnlocked : true 
05-22 23:57:22.378 I/HBD     (11039): b updateMultiTapTimeValue 
05-22 23:57:22.378 I/HBD     (11039): b getMultiTapTimeoutValue 
05-22 23:57:22.378 I/HBD     (11039): b getSingleVowelMultiTapTimeoutValue 
05-22 23:57:22.380 D/SecContentProvider( 5213): query(), uri = 15 selection = isClipboardShareAllowedAsUser
05-22 23:57:22.380 D/SecContentProvider( 5213): called from android.uid.honeyboard:10298
05-22 23:57:22.380 D/RestrictionPolicy( 5213): isClipboardShareAllowed : true
05-22 23:57:22.385 E/SurfaceFlinger( 4899): Attempt to update InputPolicyFlags without permission ACCESS_SURFACE_FLINGER
05-22 23:57:22.386 I/HBD     (11039): HoneyBoardService [PF_OP][onStartInputView]  233 ms 
05-22 23:57:22.387 I/InputMethod(11039): showSoftInput(), flags : 1
05-22 23:57:22.387 I/InputMethodManagerService( 5213): isAccessoryKeyboard 0
05-22 23:57:22.387 I/HBD     (11039): HoneyBoardService onEvaluateInputViewShown: true 
05-22 23:57:22.391 I/InputMethodManagerService( 5213): isAccessoryKeyboard 0
05-22 23:57:22.391 I/HBD     (11039): HoneyBoardService onEvaluateInputViewShown: true 
05-22 23:57:22.391 I/InputMethodService(11039): startViews: mShowInputRequested=true, mInputViewStarted=true, mCandidatesViewStarted= false
05-22 23:57:22.392 D/InputMethodManagerService( 5213): notifyUserActivity: canceled, displayId=0
05-22 23:57:22.393 I/CocktailBarUiController(16058): onReceive: action=ResponseAxT9Info isVisibleWindow=1
05-22 23:57:22.396 D/InputMethodManagerServicePhysicalKey( 5213): isConnectedDexOnPC false
05-22 23:57:22.397 D/InputMethodManagerService( 5213): isImeSwitcherDisabledPackage : false
05-22 23:57:22.398 D/InputMethodManagerService( 5213): shouldShowImeSwitcherLocked : checking vis : 3
05-22 23:57:22.401 I/InputMethodManagerService( 5213): setImeWindowStatus: vis=3, backDisposition=0
05-22 23:57:22.401 E/SurfaceFlinger( 4899): Attempt to update InputPolicyFlags without permission ACCESS_SURFACE_FLINGER
05-22 23:57:22.404 I/HBD     (11039): al EBD si t 0 
05-22 23:57:22.417 E/SurfaceFlinger( 4899): Attempt to update InputPolicyFlags without permission ACCESS_SURFACE_FLINGER
05-22 23:57:22.420 I/GestureDetector( 5213): handleMessage TAP
05-22 23:57:22.421 I/GestureDetector( 5213): handleMessage TAP
05-22 23:57:22.434 E/SurfaceFlinger( 4899): Attempt to update InputPolicyFlags without permission ACCESS_SURFACE_FLINGER
05-22 23:57:22.450 E/SurfaceFlinger( 4899): Attempt to update InputPolicyFlags without permission ACCESS_SURFACE_FLINGER
05-22 23:57:22.459 I/HBD     (11039): bd requestCursorUpdates returned  true ,  81
05-22 23:57:22.466 E/SurfaceFlinger( 4899): Attempt to update InputPolicyFlags without permission ACCESS_SURFACE_FLINGER
05-22 23:57:22.483 E/SurfaceFlinger( 4899): Attempt to update InputPolicyFlags without permission ACCESS_SURFACE_FLINGER
05-22 23:57:22.499 E/SurfaceFlinger( 4899): Attempt to update InputPolicyFlags without permission ACCESS_SURFACE_FLINGER
05-22 23:57:22.515 E/SurfaceFlinger( 4899): Attempt to update InputPolicyFlags without permission ACCESS_SURFACE_FLINGER
05-22 23:57:22.524 D/InsetsController(  937): show(ime(), fromIme=true)
05-22 23:57:22.532 E/SurfaceFlinger( 4899): Attempt to update InputPolicyFlags without permission ACCESS_SURFACE_FLINGER
05-22 23:57:22.548 E/SurfaceFlinger( 4899): Attempt to update InputPolicyFlags without permission ACCESS_SURFACE_FLINGER
05-22 23:57:22.554 I/HBD     (11039): al EBD ex 
05-22 23:57:22.560 I/HYPER-HAL( 4840): [RequestManager.cpp]releaseLocked(): Released ID : 60946321
05-22 23:57:22.581 E/SurfaceFlinger( 4899): Attempt to update InputPolicyFlags without permission ACCESS_SURFACE_FLINGER
05-22 23:57:22.613 E/SurfaceFlinger( 4899): Attempt to update InputPolicyFlags without permission ACCESS_SURFACE_FLINGER
05-22 23:57:22.630 E/SurfaceFlinger( 4899): Attempt to update InputPolicyFlags without permission ACCESS_SURFACE_FLINGER
05-22 23:57:22.646 E/SurfaceFlinger( 4899): Attempt to update InputPolicyFlags without permission ACCESS_SURFACE_FLINGER
05-22 23:57:22.658 D/io_stats( 4423): !@   8,0 r 205457041 3939633216 w 24228910 564432792 d 0 0 f 0 0 iot 43765220 0 th 0 0 0 pt 0 inp 0 0 1018543.675
05-22 23:57:22.663 E/SurfaceFlinger( 4899): Attempt to update InputPolicyFlags without permission ACCESS_SURFACE_FLINGER
05-22 23:57:22.679 E/SurfaceFlinger( 4899): Attempt to update InputPolicyFlags without permission ACCESS_SURFACE_FLINGER
05-22 23:57:22.696 E/SurfaceFlinger( 4899): Attempt to update InputPolicyFlags without permission ACCESS_SURFACE_FLINGER
05-22 23:57:22.711 E/SurfaceFlinger( 4899): Attempt to update InputPolicyFlags without permission ACCESS_SURFACE_FLINGER
05-22 23:57:22.728 E/SurfaceFlinger( 4899): Attempt to update InputPolicyFlags without permission ACCESS_SURFACE_FLINGER
05-22 23:57:22.744 E/SurfaceFlinger( 4899): Attempt to update InputPolicyFlags without permission ACCESS_SURFACE_FLINGER
05-22 23:57:22.761 E/SurfaceFlinger( 4899): Attempt to update InputPolicyFlags without permission ACCESS_SURFACE_FLINGER
05-22 23:57:22.777 E/SurfaceFlinger( 4899): Attempt to update InputPolicyFlags without permission ACCESS_SURFACE_FLINGER
05-22 23:57:22.794 E/SurfaceFlinger( 4899): Attempt to update InputPolicyFlags without permission ACCESS_SURFACE_FLINGER
05-22 23:57:22.810 E/SurfaceFlinger( 4899): Attempt to update InputPolicyFlags without permission ACCESS_SURFACE_FLINGER
05-22 23:57:22.826 E/SurfaceFlinger( 4899): Attempt to update InputPolicyFlags without permission ACCESS_SURFACE_FLINGER
05-22 23:57:22.843 E/SurfaceFlinger( 4899): Attempt to update InputPolicyFlags without permission ACCESS_SURFACE_FLINGER
05-22 23:57:22.852 D/SemNscXgbMsL1( 5213): Probability - Cloud gaming: [0.042049058]
05-22 23:57:22.853 D/SemNscXgbMsL1( 5213): Probability - Real time: [0.6014164]
05-22 23:57:22.853 D/SemNscXgbMsL1( 5213): Probability - Non real time: [0.96294504]
05-22 23:57:22.853 D/SemNscXgbMsL1( 5213): 1 sample inference time: 1.027423 msecs
05-22 23:57:22.855 D/SemNscXgbL2Rt( 5213): L2 RT 1 sample inference time: 1.613615 msecs
05-22 23:57:22.856 D/SemNscXgbL2Nrt( 5213): L2 NRT 1 sample inference time: 0.952231 msecs
05-22 23:57:22.859 E/SurfaceFlinger( 4899): Attempt to update InputPolicyFlags without permission ACCESS_SURFACE_FLINGER
05-22 23:57:22.875 E/SurfaceFlinger( 4899): Attempt to update InputPolicyFlags without permission ACCESS_SURFACE_FLINGER
05-22 23:57:22.891 E/SurfaceFlinger( 4899): Attempt to update InputPolicyFlags without permission ACCESS_SURFACE_FLINGER
05-22 23:57:22.907 E/SurfaceFlinger( 4899): Attempt to update InputPolicyFlags without permission ACCESS_SURFACE_FLINGER
05-22 23:57:22.924 E/SurfaceFlinger( 4899): Attempt to update InputPolicyFlags without permission ACCESS_SURFACE_FLINGER
05-22 23:57:22.940 E/SurfaceFlinger( 4899): Attempt to update InputPolicyFlags without permission ACCESS_SURFACE_FLINGER
05-22 23:57:22.957 E/SurfaceFlinger( 4899): Attempt to update InputPolicyFlags without permission ACCESS_SURFACE_FLINGER
05-22 23:57:22.973 E/SurfaceFlinger( 4899): Attempt to update InputPolicyFlags without permission ACCESS_SURFACE_FLINGER
05-22 23:57:22.990 E/SurfaceFlinger( 4899): Attempt to update InputPolicyFlags without permission ACCESS_SURFACE_FLINGER
05-22 23:57:23.022 E/SurfaceFlinger( 4899): Attempt to update InputPolicyFlags without permission ACCESS_SURFACE_FLINGER
05-22 23:57:23.039 E/SurfaceFlinger( 4899): Attempt to update InputPolicyFlags without permission ACCESS_SURFACE_FLINGER
05-22 23:57:23.055 E/SurfaceFlinger( 4899): Attempt to update InputPolicyFlags without permission ACCESS_SURFACE_FLINGER
05-22 23:57:23.071 E/SurfaceFlinger( 4899): Attempt to update InputPolicyFlags without permission ACCESS_SURFACE_FLINGER
05-22 23:57:23.087 E/SurfaceFlinger( 4899): Attempt to update InputPolicyFlags without permission ACCESS_SURFACE_FLINGER
05-22 23:57:23.104 E/SurfaceFlinger( 4899): Attempt to update InputPolicyFlags without permission ACCESS_SURFACE_FLINGER
05-22 23:57:23.120 E/SurfaceFlinger( 4899): Attempt to update InputPolicyFlags without permission ACCESS_SURFACE_FLINGER
05-22 23:57:23.137 E/SurfaceFlinger( 4899): Attempt to update InputPolicyFlags without permission ACCESS_SURFACE_FLINGER
05-22 23:57:23.153 E/SurfaceFlinger( 4899): Attempt to update InputPolicyFlags without permission ACCESS_SURFACE_FLINGER
05-22 23:57:23.169 E/SurfaceFlinger( 4899): Attempt to update InputPolicyFlags without permission ACCESS_SURFACE_FLINGER
05-22 23:57:23.186 E/SurfaceFlinger( 4899): Attempt to update InputPolicyFlags without permission ACCESS_SURFACE_FLINGER
05-22 23:57:23.202 E/SurfaceFlinger( 4899): Attempt to update InputPolicyFlags without permission ACCESS_SURFACE_FLINGER
05-22 23:57:23.252 E/SurfaceFlinger( 4899): Attempt to update InputPolicyFlags without permission ACCESS_SURFACE_FLINGER
05-22 23:57:23.333 E/SurfaceFlinger( 4899): Attempt to update InputPolicyFlags without permission ACCESS_SURFACE_FLINGER
05-22 23:57:23.358 D/SemNscXgbMsL1( 5213): Probability - Cloud gaming: [0.0147195235]
05-22 23:57:23.360 D/SemNscXgbMsL1( 5213): Probability - Real time: [0.45950896]
05-22 23:57:23.360 D/SemNscXgbMsL1( 5213): Probability - Non real time: [0.9250134]
05-22 23:57:23.360 D/SemNscXgbMsL1( 5213): 1 sample inference time: 2.407692 msecs
05-22 23:57:23.361 D/SemNscXgbL2Rt( 5213): L2 RT 1 sample inference time: 1.071461 msecs
05-22 23:57:23.362 D/SemNscXgbL2Nrt( 5213): L2 NRT 1 sample inference time: 0.810924 msecs
05-22 23:57:23.382 E/SurfaceFlinger( 4899): Attempt to update InputPolicyFlags without permission ACCESS_SURFACE_FLINGER
05-22 23:57:23.457 D/MobileStatusTracker(1/1)( 5568): onSignalStrengthsChanged signalStrength=SignalStrength:{mCdma=Invalid,mGsm=Invalid,mWcdma=Invalid,mTdscdma=Invalid,mLte=CellSignalStrengthLte: rssi=-105 rsrp=-104 rsrq=-13 rssnr=0 cqiTableIndex=2147483647 cqi=6 ta=2147483647 level=3 parametersUseForLevel=0,mNr=Invalid,SignalBarInfo{ lteLevel=3 },rat=14,primary=CellSignalStrengthLte} level=3
05-22 23:57:23.459 D/NetworkController( 5568): SignalStrength from intent slotId=1
05-22 23:57:23.742 E/SurfaceFlinger( 4899): Attempt to update InputPolicyFlags without permission ACCESS_SURFACE_FLINGER
05-22 23:57:23.865 D/SemNscXgbMsL1( 5213): Probability - Cloud gaming: [0.05718927]
05-22 23:57:23.865 D/SemNscXgbMsL1( 5213): Probability - Real time: [0.90311867]
05-22 23:57:23.865 D/SemNscXgbMsL1( 5213): Probability - Non real time: [0.9322966]
05-22 23:57:23.865 D/SemNscXgbMsL1( 5213): 1 sample inference time: 0.756539 msecs
05-22 23:57:23.866 D/SemNscXgbL2Rt( 5213): L2 RT 1 sample inference time: 0.917039 msecs
05-22 23:57:23.867 D/SemNscXgbL2Nrt( 5213): L2 NRT 1 sample inference time: 0.872385 msecs
05-22 23:57:24.053 E/SurfaceFlinger( 4899): Attempt to update InputPolicyFlags without permission ACCESS_SURFACE_FLINGER
05-22 23:57:24.249 E/SurfaceFlinger( 4899): Attempt to update InputPolicyFlags without permission ACCESS_SURFACE_FLINGER
05-22 23:57:24.318 D/UsbStatsMonitor( 5213): 0 0 0 0 0 0 0 0 0 0 0 0 1 0 0 0 0 0 0 0 0 0 0 0 0 0 0 0 0 0 0 0 0 0 0 0 0 0 0 0 0 0 0 0 0 0 0 0 0
05-22 23:57:24.370 D/SemNscXgbMsL1( 5213): Probability - Cloud gaming: [0.025587413]
05-22 23:57:24.370 D/SemNscXgbMsL1( 5213): Probability - Real time: [0.5314017]
05-22 23:57:24.370 D/SemNscXgbMsL1( 5213): Probability - Non real time: [0.96783924]
05-22 23:57:24.370 D/SemNscXgbMsL1( 5213): 1 sample inference time: 0.843423 msecs
05-22 23:57:24.372 D/SemNscXgbL2Rt( 5213): L2 RT 1 sample inference time: 0.961 msecs
05-22 23:57:24.373 D/SemNscXgbL2Nrt( 5213): L2 NRT 1 sample inference time: 0.936654 msecs
05-22 23:57:24.377 E/audit   ( 4782): type=1400 audit(1779474444.371:257853): avc:  denied  { write } for  pid=736 comm="ThreadPoolForeg" name="traced_producer" dev="tmpfs" ino=28072 scontext=u:r:gmscore_app:s0:c512,c768 tcontext=u:object_r:traced_producer_socket:s0 tclass=sock_file permissive=0 SEPF_SM-M215F_12_0001 audit_filtered
05-22 23:57:24.377 E/audit   ( 4782): type=1300 audit(1779474444.371:257853): arch=c00000b7 syscall=203 success=no exit=-13 a0=67 a1=737dd5fe60 a2=1e a3=74befe7aac items=0 ppid=4803 pid=736 auid=4294967295 uid=10198 gid=10198 euid=10198 suid=10198 fsuid=10198 egid=10198 sgid=10198 fsgid=10198 tty=(none) ses=4294967295 comm="ThreadPoolForeg" exe="/system/bin/app_process64" subj=u:r:gmscore_app:s0:c512,c768 key=(null)
05-22 23:57:24.377 E/audit   ( 4782): type=1327 audit(1779474444.371:257853): proctitle="com.google.android.gms.persistent"
05-22 23:57:24.755 E/SurfaceFlinger( 4899): Attempt to update InputPolicyFlags without permission ACCESS_SURFACE_FLINGER
05-22 23:57:24.875 D/SemNscXgbMsL1( 5213): Probability - Cloud gaming: [0.023778325]
05-22 23:57:24.875 D/SemNscXgbMsL1( 5213): Probability - Real time: [0.7271034]
05-22 23:57:24.875 D/SemNscXgbMsL1( 5213): Probability - Non real time: [0.5520044]
05-22 23:57:24.875 D/SemNscXgbMsL1( 5213): 1 sample inference time: 0.702808 msecs
05-22 23:57:24.876 D/SemNscXgbL2Rt( 5213): L2 RT 1 sample inference time: 0.932192 msecs
05-22 23:57:24.877 D/SemNscXgbL2Nrt( 5213): L2 NRT 1 sample inference time: 0.905039 msecs
05-22 23:57:25.123 D/PowerManagerService( 5213): UserActivityStateListenerState: 0
05-22 23:57:25.249 E/SurfaceFlinger( 4899): Attempt to update InputPolicyFlags without permission ACCESS_SURFACE_FLINGER
05-22 23:57:25.381 D/SemNscXgbMsL1( 5213): Probability - Cloud gaming: [0.23905894]
05-22 23:57:25.382 D/SemNscXgbMsL1( 5213): Probability - Real time: [0.78538966]
05-22 23:57:25.382 D/SemNscXgbMsL1( 5213): Probability - Non real time: [0.9669124]
05-22 23:57:25.383 D/SemNscXgbMsL1( 5213): 1 sample inference time: 1.563308 msecs
05-22 23:57:25.384 D/SemNscXgbL2Rt( 5213): L2 RT 1 sample inference time: 1.5685 msecs
05-22 23:57:25.387 D/SemNscXgbL2Nrt( 5213): L2 NRT 1 sample inference time: 1.453808 msecs
05-22 23:57:25.588 W/ProcessStats( 5213): Tracking association SourceState{7a6488c com.samsung.wearable.fit3plugin/10825 BTopFgs #2768560} whose proc state 2 is better than process ProcessState{42fbbd5 com.sec.android.app.shealth:remote/10239 pkg=com.sec.android.app.shealth} proc state 3 (0 skipped)
05-22 23:57:25.633 D/MobileStatusTracker(0/3)( 5568): onSignalStrengthsChanged signalStrength=SignalStrength:{mCdma=Invalid,mGsm=Invalid,mWcdma=Invalid,mTdscdma=Invalid,mLte=CellSignalStrengthLte: rssi=-105 rsrp=-105 rsrq=-14 rssnr=-3 cqiTableIndex=2147483647 cqi=7 ta=2147483647 level=3 parametersUseForLevel=0,mNr=Invalid,SignalBarInfo{ lteLevel=3 },rat=14,primary=CellSignalStrengthLte} level=3
05-22 23:57:25.635 D/NetworkController( 5568): SignalStrength from intent slotId=0
05-22 23:57:25.757 E/SurfaceFlinger( 4899): Attempt to update InputPolicyFlags without permission ACCESS_SURFACE_FLINGER
05-22 23:57:25.888 D/SemNscXgbMsL1( 5213): Probability - Cloud gaming: [0.04196424]
05-22 23:57:25.888 D/SemNscXgbMsL1( 5213): Probability - Real time: [0.713421]
05-22 23:57:25.888 D/SemNscXgbMsL1( 5213): Probability - Non real time: [0.9321504]
05-22 23:57:25.889 D/SemNscXgbMsL1( 5213): 1 sample inference time: 0.364577 msecs
05-22 23:57:25.889 D/SemNscXgbL2Rt( 5213): L2 RT 1 sample inference time: 0.466154 msecs
05-22 23:57:25.890 D/SemNscXgbL2Nrt( 5213): L2 NRT 1 sample inference time: 0.453385 msecs
