05-22 23:57:08.714 I/GW_NOTI-Provider-Fit3(32013): CommonUtil.* com.android.systemui is Inclued package
05-22 23:57:08.715 I/GW_NOTI-Provider-Fit3(32013): NotificationListener.isSendable() [ABORT] - com.android.systemui -  This is an ignored package : com.android.systemui
05-22 23:57:08.717 D/InterruptionStateProvider( 5568):  no Heads up : edgelighting enabled app. -1|com.android.systemui|2131428820|charging_state|10052
05-22 23:57:08.725 W/Looper  ( 5568): Slow dispatch took 14ms main h=android.os.Handler c=com.android.systemui.statusbar.NotificationListener$$ExternalSyntheticLambda1@19bac59 m=0
05-22 23:57:08.725 D/PeopleSpaceWidgetMgr( 5568): Sbn doesn't contain valid PeopleTileKey: null/-1/com.android.systemui
05-22 23:57:08.731 D/QS      ( 5568): setQSExpansion 0.0 -142.8
05-22 23:57:08.731 D/QS      ( 5568): setQSExpansion 0.0 -142.8
05-22 23:57:08.749 D/QS      ( 5568): setQSExpansion 0.0 -142.8
05-22 23:57:08.749 D/QS      ( 5568): setQSExpansion 0.0 -142.8
05-22 23:57:08.769 W/Looper  ( 5568): Slow dispatch took 18ms main h=android.os.AsyncTask$InternalHandler c=null m=1
05-22 23:57:08.769 W/Looper  ( 5568): Slow delivery took 20ms main h=com.android.keyguard.KeyguardUpdateMonitor$17 c=null m=1110
05-22 23:57:08.772 D/QS      ( 5568): setQSExpansion 0.0 -142.8
05-22 23:57:08.773 D/QS      ( 5568): setQSExpansion 0.0 -142.8
05-22 23:57:08.773 W/Looper  ( 5568): Drained
05-22 23:57:09.006 E/SurfaceFlinger( 4899): Attempt to update InputPolicyFlags without permission ACCESS_SURFACE_FLINGER
05-22 23:57:09.081 D/AndroidRuntime( 2860): >>>>>> START com.android.internal.os.RuntimeInit uid 2000 <<<<<<
05-22 23:57:09.092 I/AndroidRuntime( 2860): Using default boot image
05-22 23:57:09.092 I/AndroidRuntime( 2860): Leaving lock profiling enabled
05-22 23:57:09.093 D/SecNativeFeatureCppIf( 2860): encoded
05-22 23:57:09.093 D/SecNativeFeatureCppIf( 2860): decoding and unzip finish
05-22 23:57:09.093 D/SecNativeFeatureCppIf( 2860): use unCompDataBuff. encoded
05-22 23:57:09.093 D/SecNativeFeatureCppIf( 2860): Free unCompDataBuff
05-22 23:57:09.094 D/AndroidRuntime( 2860): addProductProperty: pBrand1 is not null
05-22 23:57:09.094 D/AndroidRuntime( 2860): addProductProperty: not brand or 7
05-22 23:57:09.101 I/app_process( 2860): Using CollectorTypeCC GC.
05-22 23:57:09.187 D/SemNscXgbMsL1( 5213): Probability - Cloud gaming: [0.038723856]
05-22 23:57:09.187 D/SemNscXgbMsL1( 5213): Probability - Real time: [0.8443346]
05-22 23:57:09.188 D/SemNscXgbMsL1( 5213): Probability - Non real time: [0.90245366]
05-22 23:57:09.188 D/SemNscXgbMsL1( 5213): 1 sample inference time: 1.34827 msecs
05-22 23:57:09.191 D/SemNscXgbL2Rt( 5213): L2 RT 1 sample inference time: 2.667423 msecs
05-22 23:57:09.193 D/SemNscXgbL2Nrt( 5213): L2 NRT 1 sample inference time: 1.44777 msecs
05-22 23:57:09.274 D/nativeloader( 2860): InitDefaultPublicLibraries for_preload=1: libandroid.so:libaaudio.so:libamidi.so:libbinder_ndk.so:libc.so:libcamera2ndk.so:libdl.so:libEGL.so:libGLESv1_CM.so:libGLESv2.so:libGLESv3.so:libicu.so:libicui18n.so:libicuuc.so:libjnigraphics.so:liblog.so:libmediandk.so:libm.so:libnativehelper.so:libnativewindow.so:libOpenMAXAL.so:libOpenSLES.so:libRS.so:libstdc++.so:libsync.so:libvulkan.so:libwebviewchromium_plat_support.so:libz.so
05-22 23:57:09.305 D/nativeloader( 2860): Load libicu_jni.so using APEX ns com_android_art for caller /apex/com.android.art/javalib/core-oj.jar: ok
05-22 23:57:09.306 D/app_process( 2860): Time zone APEX ICU file found: /apex/com.android.tzdata/etc/icu/icu_tzdata.dat
05-22 23:57:09.306 D/app_process( 2860): I18n APEX ICU file found: /apex/com.android.i18n/etc/icu/icudt68l.dat
05-22 23:57:09.308 D/nativeloader( 2860): Load libjavacore.so using APEX ns com_android_art for caller /apex/com.android.art/javalib/core-oj.jar: ok
05-22 23:57:09.310 D/nativeloader( 2860): Load libopenjdk.so using APEX ns com_android_art for caller /apex/com.android.art/javalib/core-oj.jar: ok
05-22 23:57:09.313 W/app_process( 2860): Using default priority map due to SDK version
05-22 23:57:09.344 E/SemDvfsManager_JNI( 2860): SemDvfsManager: registerfunction enter
05-22 23:57:09.344 E/SemAffinityControl( 2860): SemAffinityControl: registerfunction enter
05-22 23:57:09.368 D/ProcessState( 2860): Binder ioctl to enable oneway spam detection failed: Invalid argument
05-22 23:57:09.368 D/AndroidRuntime( 2860): Calling main entry com.android.commands.uiautomator.Launcher
05-22 23:57:09.383 I/SurfaceFlinger( 4899): id=198643 createSurf (0x0),-1 flag=80004, WindowToken{230b376 android.os.Binder@2b1c611}#0
05-22 23:57:09.384 D/SettingsProvider( 5213): isChangeAllowed() : name = accessibility_enabled
05-22 23:57:09.385 I/GenerationRegistry( 5213): mBackingStore.isClosed() : false
05-22 23:57:09.385 I/GenerationRegistry( 5213): mBackingStore.isClosed() : false
05-22 23:57:09.388 D/SettingsProvider( 5213): isChangeAllowed() : name = accessibility_enabled
05-22 23:57:09.388 I/GenerationRegistry( 5213): mBackingStore.isClosed() : false
05-22 23:57:09.388 I/GenerationRegistry( 5213): mBackingStore.isClosed() : false
05-22 23:57:09.398 I/AccessibilityManagerService( 5213): semIsAccessibilityServiceEnabled()
05-22 23:57:09.398 I/AccessibilityManagerService( 5213): semIsAccessibilityServiceEnabled()
05-22 23:57:09.399 D/AS.AudioService( 5213): Accessibility volume enabled = false
05-22 23:57:09.399 D/BatterySaverPolicy( 5213): accessibility changed to true, updating policy.
05-22 23:57:09.402 D/BatterySaverController( 5213): send ACTION_POWER_SAVE_MODE_CHANGED
05-22 23:57:09.403 D/BatterySaverController( 5213): send ACTION_POWER_SAVE_MODE_CHANGED_INTERNAL
05-22 23:57:09.404 I/SHEALTH#WI#WearableLazyBootReceiver( 6412): (print) : on Receive() android.os.action.POWER_SAVE_MODE_CHANGED
05-22 23:57:09.405 I/PhoneSettingChangeReceiver(32013): onReceive() action:android.os.action.POWER_SAVE_MODE_CHANGED
05-22 23:57:09.406 I/AiAiCaptions(17022): onReceive(): Battery saver mode turned on.
05-22 23:57:09.406 I/PhoneSettingChangeReceiver(32013): onReceive() screenStatus:true, psmStatus:true
05-22 23:57:09.406 I/PhoneSettingChangeReceiver(32013): onReceive() PSM mode changed
05-22 23:57:09.406 I/SettingManager(32013): sendScreenInfoToBand()
05-22 23:57:09.406 W/SAMessageDataPacketConstructor(32013): printing byte array packet -----------------------------------------------------------------
05-22 23:57:09.406 W/SAMessageDataPacketConstructor(32013): packetLen: 8
05-22 23:57:09.406 W/SAMessageDataPacketConstructor(32013): -12 3 0 0 1 1 2 1 
05-22 23:57:09.406 W/SAMessageDataPacketConstructor(32013): ********************************************************************************************
05-22 23:57:09.406 I/HMApplication(32013): getWearableConnectionMgr() - sWConnectionMgr: com.samsung.wearable.hostmanager.connection.WearableConnectionManager@2c566e6
05-22 23:57:09.406 I/WearableConnectionManager(32013): sendMessageToChannel:: Sending messages from band for channel id 11
05-22 23:57:09.408 I/PersonalSafety(  736): (REDACTED) [Settings] power saver mode changed to %s
05-22 23:57:09.409 D/BatterySaverController( 5213): onLowPowerModeChanged: ServiceType: BATTERY_STATS: true
05-22 23:57:09.409 D/BatterySaverController( 5213): onLowPowerModeChanged: ServiceType: ANIMATION: false
05-22 23:57:09.410 I/[SA_SDK]SAMessage(32013): Sending data:8 bytes
05-22 23:57:09.410 I/[SA_SDK]SAFragmenter(32013): confiure: 16 2 7672 0 8
05-22 23:57:09.410 D/BatterySaverController( 5213): onLowPowerModeChanged: ServiceType: VIBRATION: false
05-22 23:57:09.410 D/BatterySaverController( 5213): onLowPowerModeChanged: ServiceType: UNKNOWN: false
05-22 23:57:09.410 D/BatterySaverController( 5213): onLowPowerModeChanged: ServiceType: FORCE_ALL_APPS_STANDBY: true
05-22 23:57:09.410 D/BatterySaverController( 5213): onLowPowerModeChanged: ServiceType: UNKNOWN: true
05-22 23:57:09.410 D/BatterySaverController( 5213): onLowPowerModeChanged: ServiceType: UNKNOWN: true
05-22 23:57:09.410 D/BatterySaverController( 5213): onLowPowerModeChanged: ServiceType: FORCE_BACKGROUND_CHECK: true
05-22 23:57:09.410 I/SAFrameworkConnection(32257): write() : [16,8] 48 SrcAgentId:11
05-22 23:57:09.411 I/SAMexLiteSessionHandler(32257): >>> created new TransactionId: 206
05-22 23:57:09.411 D/BatterySaverController( 5213): onLowPowerModeChanged: ServiceType: NETWORK_FIREWALL: true
05-22 23:57:09.411 I/SASessionDetails(32257): Enqueue msg sessionId:1026
05-22 23:57:09.412 W/Looper  ( 5568): Slow delivery took 20ms main h=android.view.ViewRootImpl$ViewRootHandler c=android.view.accessibility.AccessibilityManager$$ExternalSyntheticLambda0@75ad656 m=0
05-22 23:57:09.412 I/SACreditDetails(32257): incrementSessionCount -  connectivity : 4 classType : 1 sessionCount : 1
05-22 23:57:09.412 I/SAMexLiteDetails(32257): >>> timeout started for transaction<206>
05-22 23:57:09.412 I/SADispatchController(32257): >> DequeTask accId: 6599, sessionId: 1026
05-22 23:57:09.413 I/[SA_SDK]SAMessage(32013): 11_6599_11-> msg<206>[0] sent: 8
05-22 23:57:09.413 I/SALiteRetransmitterFsm(32257): state: IDLE, onSendMessage
05-22 23:57:09.414 I/SATransportManager(32257): park All Queues for accessory: 6599
05-22 23:57:09.415 I/SALiteRetransmitter(32257): Packet with seq num: 0 and window id: 1 added to map
05-22 23:57:09.416 I/SALiteRetransmitter(32257): Msg sent to CL seq#:0
05-22 23:57:09.418 I/SelfLocationFetcher(  736): Starting self-location fetching naive strategy. [CONTEXT service_id=284 ]
05-22 23:57:09.418 I/SABleClientConnection(32257): writeCharacteristic called
05-22 23:57:09.418 I/ActivityScheduler(  736): nextTriggerTime: 9223372036854775806, in 9223372035158887576ms, detectorType: 32, SLEEP alarmWindowMillis: 1152921504606846975
05-22 23:57:09.421 D/BtGatt.GattService( 6363): onWriteCharacteristic() - address=74190A_A, status=0
05-22 23:57:09.422 D/BtGatt.GattService( 6363): onWriteCharacteristic : isCongested == false
05-22 23:57:09.422 I/SAGattCallback(32257): onCharacteristicWrite enter
05-22 23:57:09.423 I/SABleConnection(32257): BLE TX len:18
05-22 23:57:09.424 I/SATransportManager(32257): onMessageDispatched acc:6599 sess:1026
05-22 23:57:09.425 V/Navbar.Store( 5568): handleEvent [EventType] ON_NAVBAR_UPDATE_A11Y_SERVICE [Module] NavigationBar  KEYS_CLICKABLE=false  KEYS_LONG_CLICKABLE=false
05-22 23:57:09.425 I/SALiteRetransmitterFsm(32257): state: IDLE, onMsgDispatched
05-22 23:57:09.425 V/Navbar.Store( 5568): --[Band]SETUPWIZARD_PACK_UPDATE_A11Y_SERVICE
05-22 23:57:09.425 V/Navbar.Store( 5568): ----getValue(BOOL_NAVBAR_BUTTON_FORCED_VISIBLE)=false
05-22 23:57:09.425 V/Navbar.Store( 5568): ----getValue(BOOL_NAVBAR_SETUPWIZARD_STYLE)=false
05-22 23:57:09.425 I/SALiteRetransmitter(32257): buffer not recycled, msg status: 0
05-22 23:57:09.425 W/PowerUI ( 5568): unknown intent: Intent { act=android.os.action.POWER_SAVE_MODE_CHANGED flg=0x40000010 }
05-22 23:57:09.425 I/SALiteRetransmitterFsm(32257): Rel ON: enter TX_WINDOW_RELIABLE
05-22 23:57:09.425 I/SALiteRetransmitterFsm(32257): state: TX_WINDOW_RELIABLE, onEntry
05-22 23:57:09.426 I/SALiteRetransmitterFsm(32257): unfragmented pkt sent, move to TX_BLOCKED
05-22 23:57:09.426 I/SALiteRetransmitterFsm(32257): state: TX_BLOCKED, onEntry
05-22 23:57:09.426 I/SALiteRetransmitterFsm(32257): Rel: ON, wait for ACK
05-22 23:57:09.426 I/SALiteRetransmitter(32257): timer started
05-22 23:57:09.440 D/BatterySaverController( 5213): onLowPowerModeChanged: ServiceType: DATA_SAVER: false
05-22 23:57:09.440 V/NetworkPolicy( 5213): getRestrictBackgroundInLowerPowerMode: enabled(true)
05-22 23:57:09.496 E/SurfaceFlinger( 4899): Attempt to update InputPolicyFlags without permission ACCESS_SURFACE_FLINGER
05-22 23:57:09.496 W/Looper  ( 5568): Drained
05-22 23:57:09.694 D/SemNscXgbMsL1( 5213): Probability - Cloud gaming: [0.045270316]
05-22 23:57:09.695 D/SemNscXgbMsL1( 5213): Probability - Real time: [0.25738394]
05-22 23:57:09.695 D/SemNscXgbMsL1( 5213): Probability - Non real time: [0.7010372]
05-22 23:57:09.695 D/SemNscXgbMsL1( 5213): 1 sample inference time: 0.730461 msecs
05-22 23:57:09.696 D/SemNscXgbL2Rt( 5213): L2 RT 1 sample inference time: 0.974038 msecs
05-22 23:57:09.697 D/SemNscXgbL2Nrt( 5213): L2 NRT 1 sample inference time: 0.921462 msecs
05-22 23:57:09.815 I/SAGattCallback(32257): onCharacteristicChanged enter
05-22 23:57:09.816 I/SABleConnection(32257): EVT_DATA_RECEIVED
05-22 23:57:09.817 I/SABleConnection(32257): eval c301 recd c301
05-22 23:57:09.817 I/SABleConnection(32257): Dispatching frame buffer to transport layer
05-22 23:57:09.818 I/SABleConnection(32257): BLE RX len:4
05-22 23:57:09.818 I/SAProtocolFrameUtils(32257): parsing... seq num: 1000000000000000
05-22 23:57:09.819 I/SALiteRetransmitterFsm(32257): state: TX_BLOCKED, onAckReceived
05-22 23:57:09.819 I/SALiteRetransmitter(32257): timer stopped
05-22 23:57:09.820 I/SALiteRetransmitter(32257): Seq Bits recvd: 1000000000000000
05-22 23:57:09.820 I/SALiteRetransmitter(32257): Removed seq num: 0
05-22 23:57:09.820 I/SALiteRetransmitter(32257): Buffer is recycled ..
05-22 23:57:09.821 I/SALiteRetransmitterFsm(32257): received ACK,entering IDLE from TX_BLOCKED
05-22 23:57:09.821 I/SATransportManager(32257): move All parked Queues for accessory: 6599
05-22 23:57:09.821 I/SACreditDetails(32257): decrementSessionCount -  connectivity : 4 classType : 1 sessionCount : 0
05-22 23:57:09.822 I/SAMexLiteSessionHandler(32257): onMessageDelivered, status=0
05-22 23:57:09.822 I/SAMexLiteDetails(32257): cleared transaction<206>
05-22 23:57:09.823 I/[SA_SDK]SAPeerAccesssosry(32257): mCompatibilityVersion = 9
05-22 23:57:09.823 I/[SA_SDK]SAPeerAgent(32257): mCompatibilityVersion = 9
05-22 23:57:09.824 I/[SA_SDK]SAPeerAgent(32013): Peeragent:Framework version:9
05-22 23:57:09.824 E/SAFullSettingFit3(32013): FullSettingSAPService.[e][null][onSent][20] Message successfully sent to agent: 11
05-22 23:57:09.825 I/SALiteRetransmitterFsm(32257): IDLE: onEntry
05-22 23:57:10.004 E/SurfaceFlinger( 4899): Attempt to update InputPolicyFlags without permission ACCESS_SURFACE_FLINGER
05-22 23:57:10.198 D/SemNscXgbMsL1( 5213): Probability - Cloud gaming: [0.026348103]
05-22 23:57:10.198 D/SemNscXgbMsL1( 5213): Probability - Real time: [0.33246398]
05-22 23:57:10.198 D/SemNscXgbMsL1( 5213): Probability - Non real time: [0.9436329]
05-22 23:57:10.199 D/SemNscXgbMsL1( 5213): 1 sample inference time: 0.545307 msecs
05-22 23:57:10.199 D/SemNscXgbL2Rt( 5213): L2 RT 1 sample inference time: 0.640077 msecs
05-22 23:57:10.200 D/SemNscXgbL2Nrt( 5213): L2 NRT 1 sample inference time: 0.601577 msecs
05-22 23:57:10.200 I/SemWifiServiceDetector( 5213): NSD results: [0, 1, 2, 0, 0, 1, 1, 1] Traff. type 1 Thr 205
05-22 23:57:10.201 D/SemWifiOptimizer( 5213): enable=0 state=0x10 prev=0x10 new=0x00 force=0
05-22 23:57:10.409 D/SemCscFeature( 2860): Encoded
05-22 23:57:10.496 E/SurfaceFlinger( 4899): Attempt to update InputPolicyFlags without permission ACCESS_SURFACE_FLINGER
05-22 23:57:10.529 W/AccessibilityNodeInfoDumper( 2860): Fetch time: 115ms
05-22 23:57:10.530 W/WindowManager( 5213): removeWindowToken: Attempted to remove non-existing token: android.os.Binder@2b1c611
05-22 23:57:10.530 D/SettingsProvider( 5213): isChangeAllowed() : name = accessibility_enabled
05-22 23:57:10.531 I/GenerationRegistry( 5213): mBackingStore.isClosed() : false
05-22 23:57:10.531 I/GenerationRegistry( 5213): mBackingStore.isClosed() : false
05-22 23:57:10.532 D/SettingsProvider( 5213): isChangeAllowed() : name = accelerometer_rotation
05-22 23:57:10.532 D/SettingsProvider( 5213): isChangeAllowed() : name = user_rotation
05-22 23:57:10.533 V/WindowManager( 5213): rotationForOrientation(orient=SCREEN_ORIENTATION_UNSPECIFIED (-1), last=ROTATION_0 (0)); user=ROTATION_0 (0) USER_ROTATION_LOCKED
05-22 23:57:10.533 D/WindowManager( 5213): rotationForOrientation, orientationSource=ActivityRecord{459b14b u0 com.algorithmx.q_base/.MainActivity t25011}
05-22 23:57:10.534 V/WindowManager( 5213): Computed rotation=ROTATION_0 (0) for display id=0 based on lastOrientation=SCREEN_ORIENTATION_UNSPECIFIED (-1) and oldRotation=ROTATION_0 (0), caller=com.android.server.wm.DisplayContent.updateRotationUnchecked:2339 com.android.server.wm.WindowManagerService.updateRotationUnchecked:4535 com.android.server.wm.WindowManagerService.freezeDisplayRotation:4435 com.android.server.wm.WindowManagerService.freezeRotation:4394 android.view.IWindowManager$Stub.onTransact:2456 com.android.server.wm.WindowManagerService.onTransact:1621 
05-22 23:57:10.539 D/hw-ProcessState( 2860): Binder ioctl to enable oneway spam detection failed: Invalid argument
05-22 23:57:10.540 D/AndroidRuntime( 2860): Shutting down VM
05-22 23:57:10.544 I/Layer   ( 4899): id=198643 removeFromCurrentState WindowToken{230b376 android.os.Binder@2b1c611}#0 (200)
05-22 23:57:10.544 I/SurfaceFlinger( 4899): id=198643 Removed WindowToken{230b376 android.os.Binder@2b1c611}#0 (200)
05-22 23:57:10.545 I/Layer   ( 4899): id=198643 Destroyed WindowToken{230b376 android.os.Binder@2b1c611}#0
05-22 23:57:10.548 D/BatterySaverPolicy( 5213): accessibility changed to false, updating policy.
05-22 23:57:10.554 D/BatterySaverController( 5213): send ACTION_POWER_SAVE_MODE_CHANGED
05-22 23:57:10.555 D/BatterySaverController( 5213): send ACTION_POWER_SAVE_MODE_CHANGED_INTERNAL
05-22 23:57:10.555 I/SHEALTH#WI#WearableLazyBootReceiver( 6412): (print) : on Receive() android.os.action.POWER_SAVE_MODE_CHANGED
05-22 23:57:10.556 W/Looper  ( 5568): Slow delivery took 20ms main h=android.view.ViewRootImpl$ViewRootHandler c=android.view.accessibility.AccessibilityManager$$ExternalSyntheticLambda0@7a2daad m=0
05-22 23:57:10.557 I/PersonalSafety(  736): (REDACTED) [Settings] power saver mode changed to %s
05-22 23:57:10.558 I/PhoneSettingChangeReceiver(32013): onReceive() action:android.os.action.POWER_SAVE_MODE_CHANGED
05-22 23:57:10.559 I/AiAiCaptions(17022): onReceive(): Battery saver mode turned on.
05-22 23:57:10.560 I/PhoneSettingChangeReceiver(32013): onReceive() screenStatus:true, psmStatus:true
05-22 23:57:10.560 I/PhoneSettingChangeReceiver(32013): onReceive() PSM mode changed
05-22 23:57:10.560 I/SettingManager(32013): sendScreenInfoToBand()
05-22 23:57:10.560 W/SAMessageDataPacketConstructor(32013): printing byte array packet -----------------------------------------------------------------
05-22 23:57:10.560 W/SAMessageDataPacketConstructor(32013): packetLen: 8
05-22 23:57:10.560 W/SAMessageDataPacketConstructor(32013): -12 3 0 0 1 1 2 1 
05-22 23:57:10.560 W/SAMessageDataPacketConstructor(32013): ********************************************************************************************
05-22 23:57:10.560 W/Looper  ( 5568): Drained
05-22 23:57:10.560 I/HMApplication(32013): getWearableConnectionMgr() - sWConnectionMgr: com.samsung.wearable.hostmanager.connection.WearableConnectionManager@2c566e6
05-22 23:57:10.560 I/WearableConnectionManager(32013): sendMessageToChannel:: Sending messages from band for channel id 11
05-22 23:57:10.561 W/PowerUI ( 5568): unknown intent: Intent { act=android.os.action.POWER_SAVE_MODE_CHANGED flg=0x40000010 }
05-22 23:57:10.563 I/[SA_SDK]SAMessage(32013): Sending data:8 bytes
05-22 23:57:10.563 I/[SA_SDK]SAFragmenter(32013): confiure: 16 2 7672 0 8
05-22 23:57:10.563 I/SAFrameworkConnection(32257): write() : [16,8] 48 SrcAgentId:11
05-22 23:57:10.564 I/SAMexLiteSessionHandler(32257): >>> created new TransactionId: 207
05-22 23:57:10.564 D/BatterySaverController( 5213): onLowPowerModeChanged: ServiceType: BATTERY_STATS: true
05-22 23:57:10.564 I/SASessionDetails(32257): Enqueue msg sessionId:1026
05-22 23:57:10.564 I/SACreditDetails(32257): incrementSessionCount -  connectivity : 4 classType : 1 sessionCount : 1
05-22 23:57:10.565 I/SAMexLiteDetails(32257): >>> timeout started for transaction<207>
05-22 23:57:10.565 D/BatterySaverController( 5213): onLowPowerModeChanged: ServiceType: ANIMATION: false
05-22 23:57:10.565 I/SADispatchController(32257): >> DequeTask accId: 6599, sessionId: 1026
05-22 23:57:10.565 I/[SA_SDK]SAMessage(32013): 11_6599_11-> msg<207>[0] sent: 8
05-22 23:57:10.566 I/SALiteRetransmitterFsm(32257): state: IDLE, onSendMessage
05-22 23:57:10.566 I/SATransportManager(32257): park All Queues for accessory: 6599
05-22 23:57:10.567 D/BatterySaverController( 5213): onLowPowerModeChanged: ServiceType: VIBRATION: true
05-22 23:57:10.567 D/BatterySaverController( 5213): onLowPowerModeChanged: ServiceType: UNKNOWN: false
05-22 23:57:10.567 D/BatterySaverController( 5213): onLowPowerModeChanged: ServiceType: FORCE_ALL_APPS_STANDBY: true
05-22 23:57:10.567 D/BatterySaverController( 5213): onLowPowerModeChanged: ServiceType: UNKNOWN: true
05-22 23:57:10.567 I/ActivityScheduler(  736): nextTriggerTime: 9223372036854775806, in 9223372035158886427ms, detectorType: 32, SLEEP alarmWindowMillis: 1152921504606846975
05-22 23:57:10.567 D/BatterySaverController( 5213): onLowPowerModeChanged: ServiceType: UNKNOWN: true
05-22 23:57:10.567 D/BatterySaverController( 5213): onLowPowerModeChanged: ServiceType: FORCE_BACKGROUND_CHECK: true
05-22 23:57:10.568 I/SALiteRetransmitter(32257): Packet with seq num: 0 and window id: 0 added to map
05-22 23:57:10.568 I/SelfLocationFetcher(  736): Starting self-location fetching naive strategy. [CONTEXT service_id=284 ]
05-22 23:57:10.568 D/BatterySaverController( 5213): onLowPowerModeChanged: ServiceType: NETWORK_FIREWALL: true
05-22 23:57:10.568 I/SALiteRetransmitter(32257): Msg sent to CL seq#:0
05-22 23:57:10.570 I/SABleClientConnection(32257): writeCharacteristic called
05-22 23:57:10.572 D/BtGatt.GattService( 6363): onWriteCharacteristic() - address=74190A_A, status=0
05-22 23:57:10.572 D/BtGatt.GattService( 6363): onWriteCharacteristic : isCongested == false
05-22 23:57:10.572 I/SAGattCallback(32257): onCharacteristicWrite enter
05-22 23:57:10.573 I/SABleConnection(32257): BLE TX len:18
05-22 23:57:10.574 I/SATransportManager(32257): onMessageDispatched acc:6599 sess:1026
05-22 23:57:10.575 I/SALiteRetransmitterFsm(32257): state: IDLE, onMsgDispatched
05-22 23:57:10.576 I/SALiteRetransmitter(32257): buffer not recycled, msg status: 0
05-22 23:57:10.577 I/SALiteRetransmitterFsm(32257): Rel ON: enter TX_WINDOW_RELIABLE
05-22 23:57:10.577 I/SALiteRetransmitterFsm(32257): state: TX_WINDOW_RELIABLE, onEntry
05-22 23:57:10.578 I/SALiteRetransmitterFsm(32257): unfragmented pkt sent, move to TX_BLOCKED
05-22 23:57:10.579 I/SALiteRetransmitterFsm(32257): state: TX_BLOCKED, onEntry
05-22 23:57:10.580 I/SALiteRetransmitterFsm(32257): Rel: ON, wait for ACK
05-22 23:57:10.581 I/SALiteRetransmitter(32257): timer started
05-22 23:57:10.592 D/BatterySaverController( 5213): onLowPowerModeChanged: ServiceType: DATA_SAVER: false
05-22 23:57:10.592 V/NetworkPolicy( 5213): getRestrictBackgroundInLowerPowerMode: enabled(true)
05-22 23:57:10.651 D/io_stats( 4423): !@   8,0 r 205457033 3939633184 w 24228886 564432616 d 0 0 f 0 0 iot 43765216 0 th 0 0 0 pt 0 inp 0 0 1018531.668
05-22 23:57:10.659 D/MobileStatusTracker(1/1)( 5568): onSignalStrengthsChanged signalStrength=SignalStrength:{mCdma=Invalid,mGsm=Invalid,mWcdma=Invalid,mTdscdma=Invalid,mLte=CellSignalStrengthLte: rssi=-109 rsrp=-108 rsrq=-13 rssnr=-3 cqiTableIndex=2147483647 cqi=6 ta=2147483647 level=3 parametersUseForLevel=0,mNr=Invalid,SignalBarInfo{ lteLevel=3 },rat=14,primary=CellSignalStrengthLte} level=3
05-22 23:57:10.661 D/NetworkController( 5568): SignalStrength from intent slotId=1
05-22 23:57:10.699 I/wpa_supplicant(14300): Heartbeat 1112
05-22 23:57:10.703 D/SemNscXgbMsL1( 5213): Probability - Cloud gaming: [0.02006884]
05-22 23:57:10.703 D/SemNscXgbMsL1( 5213): Probability - Real time: [0.6909121]
05-22 23:57:10.703 D/SemNscXgbMsL1( 5213): Probability - Non real time: [0.9237606]
05-22 23:57:10.703 D/SemNscXgbMsL1( 5213): 1 sample inference time: 0.71173 msecs
05-22 23:57:10.704 D/SemNscXgbL2Rt( 5213): L2 RT 1 sample inference time: 0.937 msecs
05-22 23:57:10.705 D/SemNscXgbL2Nrt( 5213): L2 NRT 1 sample inference time: 0.880577 msecs
05-22 23:57:10.727 I/SAGattCallback(32257): onCharacteristicChanged enter
05-22 23:57:10.729 I/SABleConnection(32257): EVT_DATA_RECEIVED
05-22 23:57:10.729 I/SABleConnection(32257): eval c301 recd c301
05-22 23:57:10.730 I/SABleConnection(32257): Dispatching frame buffer to transport layer
05-22 23:57:10.730 I/SABleConnection(32257): BLE RX len:4
05-22 23:57:10.731 I/SAProtocolFrameUtils(32257): parsing... seq num: 1000000000000000
05-22 23:57:10.731 I/SALiteRetransmitterFsm(32257): state: TX_BLOCKED, onAckReceived
05-22 23:57:10.732 I/SALiteRetransmitter(32257): timer stopped
05-22 23:57:10.732 I/SALiteRetransmitter(32257): Seq Bits recvd: 1000000000000000
05-22 23:57:10.732 I/SALiteRetransmitter(32257): Removed seq num: 0
05-22 23:57:10.733 I/SALiteRetransmitter(32257): Buffer is recycled ..
05-22 23:57:10.733 I/SALiteRetransmitterFsm(32257): received ACK,entering IDLE from TX_BLOCKED
05-22 23:57:10.734 I/SATransportManager(32257): move All parked Queues for accessory: 6599
05-22 23:57:10.734 I/SACreditDetails(32257): decrementSessionCount -  connectivity : 4 classType : 1 sessionCount : 0
05-22 23:57:10.735 I/SAMexLiteSessionHandler(32257): onMessageDelivered, status=0
05-22 23:57:10.735 I/SAMexLiteDetails(32257): cleared transaction<207>
05-22 23:57:10.736 I/[SA_SDK]SAPeerAccesssosry(32257): mCompatibilityVersion = 9
05-22 23:57:10.736 I/[SA_SDK]SAPeerAgent(32257): mCompatibilityVersion = 9
05-22 23:57:10.737 I/[SA_SDK]SAPeerAgent(32013): Peeragent:Framework version:9
05-22 23:57:10.737 I/SALiteRetransmitterFsm(32257): IDLE: onEntry
05-22 23:57:10.738 E/SAFullSettingFit3(32013): FullSettingSAPService.[e][null][onSent][20] Message successfully sent to agent: 11
05-22 23:57:11.002 E/SurfaceFlinger( 4899): Attempt to update InputPolicyFlags without permission ACCESS_SURFACE_FLINGER
05-22 23:57:11.207 D/SemNscXgbMsL1( 5213): Probability - Cloud gaming: [0.032463826]
05-22 23:57:11.208 D/SemNscXgbMsL1( 5213): Probability - Real time: [0.8710037]
05-22 23:57:11.208 D/SemNscXgbMsL1( 5213): Probability - Non real time: [0.85797983]
05-22 23:57:11.208 D/SemNscXgbMsL1( 5213): 1 sample inference time: 0.706115 msecs
05-22 23:57:11.209 D/SemNscXgbL2Rt( 5213): L2 RT 1 sample inference time: 0.891077 msecs
05-22 23:57:11.210 D/SemNscXgbL2Nrt( 5213): L2 NRT 1 sample inference time: 0.814846 msecs
05-22 23:57:11.210 I/SemWifiServiceDetector( 5213): NSD results: [1, 1, 1, 0, 1, 1, 1, 0] Traff. type 1 Thr 432
05-22 23:57:11.212 D/SemWifiOptimizer( 5213): enable=1 state=0x10 prev=0x00 new=0x10 force=0
05-22 23:57:11.508 E/SurfaceFlinger( 4899): Attempt to update InputPolicyFlags without permission ACCESS_SURFACE_FLINGER
05-22 23:57:11.529 E/audit   ( 4782): type=1400 audit(1779474431.523:257851): avc:  denied  { write } for  pid=7480 comm="ThreadPoolForeg" name="traced_producer" dev="tmpfs" ino=28072 scontext=u:r:gmscore_app:s0:c512,c768 tcontext=u:object_r:traced_producer_socket:s0 tclass=sock_file permissive=0 SEPF_SM-M215F_12_0001 audit_filtered
05-22 23:57:11.529 E/audit   ( 4782): type=1300 audit(1779474431.523:257851): arch=c00000b7 syscall=203 success=no exit=-13 a0=b4 a1=7380b8b1c0 a2=1e a3=74befe7aac items=0 ppid=4803 pid=7480 auid=4294967295 uid=10198 gid=10198 euid=10198 suid=10198 fsuid=10198 egid=10198 sgid=10198 fsgid=10198 tty=(none) ses=4294967295 comm="ThreadPoolForeg" exe="/system/bin/app_process64" subj=u:r:gmscore_app:s0:c512,c768 key=(null)
05-22 23:57:11.529 E/audit   ( 4782): type=1327 audit(1779474431.523:257851): proctitle="com.google.android.gms"
05-22 23:57:11.712 D/SemNscXgbMsL1( 5213): Probability - Cloud gaming: [0.027014658]
05-22 23:57:11.713 D/SemNscXgbMsL1( 5213): Probability - Real time: [0.7109406]
05-22 23:57:11.713 D/SemNscXgbMsL1( 5213): Probability - Non real time: [0.9446868]
05-22 23:57:11.713 D/SemNscXgbMsL1( 5213): 1 sample inference time: 0.714962 msecs
05-22 23:57:11.714 D/SemNscXgbL2Rt( 5213): L2 RT 1 sample inference time: 0.970577 msecs
05-22 23:57:11.715 D/SemNscXgbL2Nrt( 5213): L2 NRT 1 sample inference time: 1.044038 msecs
05-22 23:57:12.017 E/SurfaceFlinger( 4899): Attempt to update InputPolicyFlags without permission ACCESS_SURFACE_FLINGER
05-22 23:57:12.217 D/SemNscXgbMsL1( 5213): Probability - Cloud gaming: [0.01276546]
05-22 23:57:12.217 D/SemNscXgbMsL1( 5213): Probability - Real time: [0.42520502]
05-22 23:57:12.218 D/SemNscXgbMsL1( 5213): Probability - Non real time: [0.94312984]
05-22 23:57:12.218 D/SemNscXgbMsL1( 5213): 1 sample inference time: 0.724154 msecs
05-22 23:57:12.219 D/SemNscXgbL2Rt( 5213): L2 RT 1 sample inference time: 1.025654 msecs
05-22 23:57:12.220 D/SemNscXgbL2Nrt( 5213): L2 NRT 1 sample inference time: 0.88623 msecs
05-22 23:57:12.509 E/SurfaceFlinger( 4899): Attempt to update InputPolicyFlags without permission ACCESS_SURFACE_FLINGER
05-22 23:57:12.526 D/BatteryExternalStatsWorker( 5213): update stats : update-network-download (6)
05-22 23:57:12.527 D/BatteryExternalStatsWorker( 5213): WifiActivityEnergyInfo was updated
05-22 23:57:12.560 D/TelephonyManager( 5213): requestModemActivityInfo: Sending result to app: ModemActivityInfo{ mTimestamp=1695891371 mSleepTimeMs=1332936059 mIdleTimeMs=27761031 mTxTimeMs[]=[3758940, 1483254, 2369294, 693627, 2339189] mRxTimeMs=344239148}
05-22 23:57:12.560 D/BatteryExternalStatsWorker( 5213): ModemActivityInfo was updated
05-22 23:57:12.560 D/BatteryExternalStatsWorker( 5213): done updateExternalStatsLocked
05-22 23:57:12.573 D/IptablesRestoreController( 4802): [iptables debug]iptables-restore execute *filter
05-22 23:57:12.573 D/IptablesRestoreController( 4802): -nvx -L tetherctrl_counters
05-22 23:57:12.573 D/IptablesRestoreController( 4802): COMMIT
05-22 23:57:12.575 D/IptablesRestoreController( 4802): [iptables debug]iptables-restore execute done, res : 0
05-22 23:57:12.576 D/IptablesRestoreController( 4802): [iptables debug]iptables-restore execute *filter
05-22 23:57:12.576 D/IptablesRestoreController( 4802): -nvx -L tetherctrl_counters
05-22 23:57:12.576 D/IptablesRestoreController( 4802): COMMIT
05-22 23:57:12.577 D/IptablesRestoreController( 4802): [iptables debug]iptables-restore execute done, res : 0
05-22 23:57:12.601 D/IptablesRestoreController( 4802): [iptables debug]iptables-restore execute *filter
05-22 23:57:12.601 D/IptablesRestoreController( 4802): -nvx -L tetherctrl_counters
05-22 23:57:12.601 D/IptablesRestoreController( 4802): COMMIT
05-22 23:57:12.603 D/IptablesRestoreController( 4802): [iptables debug]iptables-restore execute done, res : 0
05-22 23:57:12.603 D/IptablesRestoreController( 4802): [iptables debug]iptables-restore execute *filter
05-22 23:57:12.603 D/IptablesRestoreController( 4802): -nvx -L tetherctrl_counters
05-22 23:57:12.603 D/IptablesRestoreController( 4802): COMMIT
05-22 23:57:12.604 D/IptablesRestoreController( 4802): [iptables debug]iptables-restore execute done, res : 0
05-22 23:57:12.652 D/io_stats( 4423): !@   8,0 r 205457041 3939633216 w 24228895 564432712 d 0 0 f 0 0 iot 43765220 0 th 0 0 0 pt 0 inp 0 0 1018533.669
05-22 23:57:12.755 I/system_server( 5213): Background young concurrent copying GC freed 15MB AllocSpace bytes, 327(6272KB) LOS objects, 16% free, 109MB/130MB, paused 636us,265us total 170.612ms
05-22 23:57:12.755 D/SemNscXgbMsL1( 5213): Probability - Cloud gaming: [0.1741383]
05-22 23:57:12.755 D/SemNscXgbMsL1( 5213): Probability - Real time: [0.97875744]
05-22 23:57:12.755 D/SemNscXgbMsL1( 5213): Probability - Non real time: [0.91541773]
05-22 23:57:12.756 D/SemNscXgbMsL1( 5213): 1 sample inference time: 0.371653 msecs
05-22 23:57:12.756 D/SemNscXgbL2Rt( 5213): L2 RT 1 sample inference time: 0.471615 msecs
05-22 23:57:12.757 D/SemNscXgbL2Nrt( 5213): L2 NRT 1 sample inference time: 0.462153 msecs
05-22 23:57:12.764 W/System  ( 5213): A resource failed to call close. 
05-22 23:57:12.765 W/System  ( 5213): A resource failed to call close. 
05-22 23:57:13.012 E/SurfaceFlinger( 4899): Attempt to update InputPolicyFlags without permission ACCESS_SURFACE_FLINGER
05-22 23:57:13.259 D/SemNscXgbMsL1( 5213): Probability - Cloud gaming: [0.07840409]
05-22 23:57:13.259 D/SemNscXgbMsL1( 5213): Probability - Real time: [0.92656714]
05-22 23:57:13.259 D/SemNscXgbMsL1( 5213): Probability - Non real time: [0.8576506]
05-22 23:57:13.259 D/SemNscXgbMsL1( 5213): 1 sample inference time: 0.712654 msecs
05-22 23:57:13.260 D/SemNscXgbL2Rt( 5213): L2 RT 1 sample inference time: 0.906038 msecs
05-22 23:57:13.261 D/SemNscXgbL2Nrt( 5213): L2 NRT 1 sample inference time: 0.849577 msecs
05-22 23:57:13.519 E/SurfaceFlinger( 4899): Attempt to update InputPolicyFlags without permission ACCESS_SURFACE_FLINGER
05-22 23:57:13.763 D/SemNscXgbMsL1( 5213): Probability - Cloud gaming: [0.12575366]
05-22 23:57:13.763 D/SemNscXgbMsL1( 5213): Probability - Real time: [0.52905303]
05-22 23:57:13.763 D/SemNscXgbMsL1( 5213): Probability - Non real time: [0.88966274]
05-22 23:57:13.763 D/SemNscXgbMsL1( 5213): 1 sample inference time: 0.698461 msecs
05-22 23:57:13.764 D/SemNscXgbL2Rt( 5213): L2 RT 1 sample inference time: 0.957192 msecs
05-22 23:57:13.765 D/SemNscXgbL2Nrt( 5213): L2 NRT 1 sample inference time: 0.872384 msecs
05-22 23:57:14.009 E/SurfaceFlinger( 4899): Attempt to update InputPolicyFlags without permission ACCESS_SURFACE_FLINGER
05-22 23:57:14.268 D/SemNscXgbMsL1( 5213): Probability - Cloud gaming: [0.055236116]
05-22 23:57:14.268 D/SemNscXgbMsL1( 5213): Probability - Real time: [0.6643868]
05-22 23:57:14.268 D/SemNscXgbMsL1( 5213): Probability - Non real time: [0.8754126]
05-22 23:57:14.268 D/SemNscXgbMsL1( 5213): 1 sample inference time: 0.689423 msecs
05-22 23:57:14.269 D/SemNscXgbL2Rt( 5213): L2 RT 1 sample inference time: 0.830923 msecs
05-22 23:57:14.270 D/SemNscXgbL2Nrt( 5213): L2 NRT 1 sample inference time: 0.804308 msecs
05-22 23:57:14.515 E/SurfaceFlinger( 4899): Attempt to update InputPolicyFlags without permission ACCESS_SURFACE_FLINGER
05-22 23:57:14.771 D/SemNscXgbMsL1( 5213): Probability - Cloud gaming: [0.031937428]
05-22 23:57:14.771 D/SemNscXgbMsL1( 5213): Probability - Real time: [0.7785625]
05-22 23:57:14.772 D/SemNscXgbMsL1( 5213): Probability - Non real time: [0.84154314]
05-22 23:57:14.772 D/SemNscXgbMsL1( 5213): 1 sample inference time: 0.366192 msecs
05-22 23:57:14.772 D/SemNscXgbL2Rt( 5213): L2 RT 1 sample inference time: 0.463885 msecs
05-22 23:57:14.773 D/SemNscXgbL2Nrt( 5213): L2 NRT 1 sample inference time: 0.438769 msecs
05-22 23:57:15.026 E/SurfaceFlinger( 4899): Attempt to update InputPolicyFlags without permission ACCESS_SURFACE_FLINGER
05-22 23:57:15.284 D/SemNscXgbMsL1( 5213): Probability - Cloud gaming: [0.01459042]
05-22 23:57:15.285 D/SemNscXgbMsL1( 5213): Probability - Real time: [0.9253626]
05-22 23:57:15.285 D/SemNscXgbMsL1( 5213): Probability - Non real time: [0.9342492]
05-22 23:57:15.285 D/SemNscXgbMsL1( 5213): 1 sample inference time: 1.764884 msecs
05-22 23:57:15.288 D/SemNscXgbL2Rt( 5213): L2 RT 1 sample inference time: 2.077616 msecs
05-22 23:57:15.291 D/SemNscXgbL2Nrt( 5213): L2 NRT 1 sample inference time: 2.1025 msecs
05-22 23:57:15.518 E/SurfaceFlinger( 4899): Attempt to update InputPolicyFlags without permission ACCESS_SURFACE_FLINGER
05-22 23:57:15.671 D/DeviceStorageMonitorService( 5213): check() STORAGE TOTAL <= 64G
05-22 23:57:15.672 W/DeviceStorageMonitorService( 5213): updateBroadcasts(/data) oldLevel:0, newLevel:0, seq:1
05-22 23:57:15.673 D/DeviceStorageMonitorService( 5213): Available File Node Number is [13128007]
05-22 23:57:15.673 W/DeviceStorageMonitorService( 5213): updateBroadcasts_filenode(/data) fn_oldLevel:0, fn_newLevel:0, seq:1
05-22 23:57:15.793 D/SemNscXgbMsL1( 5213): Probability - Cloud gaming: [0.013818803]
05-22 23:57:15.793 D/SemNscXgbMsL1( 5213): Probability - Real time: [0.8907682]
05-22 23:57:15.793 D/SemNscXgbMsL1( 5213): Probability - Non real time: [0.9076223]
05-22 23:57:15.793 D/SemNscXgbMsL1( 5213): 1 sample inference time: 0.628884 msecs
05-22 23:57:15.794 D/SemNscXgbL2Rt( 5213): L2 RT 1 sample inference time: 0.859308 msecs
05-22 23:57:15.795 D/SemNscXgbL2Nrt( 5213): L2 NRT 1 sample inference time: 0.909731 msecs
05-22 23:57:16.023 E/SurfaceFlinger( 4899): Attempt to update InputPolicyFlags without permission ACCESS_SURFACE_FLINGER
05-22 23:57:16.297 D/SemNscXgbMsL1( 5213): Probability - Cloud gaming: [0.005166996]
05-22 23:57:16.298 D/SemNscXgbMsL1( 5213): Probability - Real time: [0.93493855]
05-22 23:57:16.298 D/SemNscXgbMsL1( 5213): Probability - Non real time: [0.9399212]
05-22 23:57:16.298 D/SemNscXgbMsL1( 5213): 1 sample inference time: 0.684615 msecs
05-22 23:57:16.299 D/SemNscXgbL2Rt( 5213): L2 RT 1 sample inference time: 0.97423 msecs
05-22 23:57:16.300 D/SemNscXgbL2Nrt( 5213): L2 NRT 1 sample inference time: 0.804615 msecs
05-22 23:57:16.531 E/SurfaceFlinger( 4899): Attempt to update InputPolicyFlags without permission ACCESS_SURFACE_FLINGER
05-22 23:57:16.801 D/SemNscXgbMsL1( 5213): Probability - Cloud gaming: [0.006322226]
05-22 23:57:16.802 D/SemNscXgbMsL1( 5213): Probability - Real time: [0.9532925]
05-22 23:57:16.802 D/SemNscXgbMsL1( 5213): Probability - Non real time: [0.8578276]
05-22 23:57:16.802 D/SemNscXgbMsL1( 5213): 1 sample inference time: 0.647193 msecs
05-22 23:57:16.803 D/SemNscXgbL2Rt( 5213): L2 RT 1 sample inference time: 1.033769 msecs
05-22 23:57:16.804 D/SemNscXgbL2Nrt( 5213): L2 NRT 1 sample inference time: 0.879616 msecs
05-22 23:57:17.022 E/SurfaceFlinger( 4899): Attempt to update InputPolicyFlags without permission ACCESS_SURFACE_FLINGER
05-22 23:57:17.202 I/SDHMS:C (10407): SIOP:: AP:313(390,80) BAT:351(351,0) USB:0(0,0) CHG:402(402,0) WIFI:392(392,0) LRP:386(386,0) LRF:373(373) LRB:386(386) 
05-22 23:57:17.306 D/SemNscXgbMsL1( 5213): Probability - Cloud gaming: [0.0098395515]
05-22 23:57:17.306 D/SemNscXgbMsL1( 5213): Probability - Real time: [0.9922438]
05-22 23:57:17.307 D/SemNscXgbMsL1( 5213): Probability - Non real time: [0.9162588]
05-22 23:57:17.307 D/SemNscXgbMsL1( 5213): 1 sample inference time: 0.756846 msecs
05-22 23:57:17.308 D/SemNscXgbL2Rt( 5213): L2 RT 1 sample inference time: 0.903346 msecs
05-22 23:57:17.309 D/SemNscXgbL2Nrt( 5213): L2 NRT 1 sample inference time: 0.860884 msecs
05-22 23:57:17.486 D/IptablesRestoreController( 4802): [iptables debug]iptables-restore execute *filter
05-22 23:57:17.486 D/IptablesRestoreController( 4802): -nvx -L tetherctrl_counters
05-22 23:57:17.486 D/IptablesRestoreController( 4802): COMMIT
05-22 23:57:17.490 D/IptablesRestoreController( 4802): [iptables debug]iptables-restore execute done, res : 0
05-22 23:57:17.491 D/IptablesRestoreController( 4802): [iptables debug]iptables-restore execute *filter
05-22 23:57:17.491 D/IptablesRestoreController( 4802): -nvx -L tetherctrl_counters
05-22 23:57:17.491 D/IptablesRestoreController( 4802): COMMIT
05-22 23:57:17.494 D/IptablesRestoreController( 4802): [iptables debug]iptables-restore execute done, res : 0
05-22 23:57:17.531 E/SurfaceFlinger( 4899): Attempt to update InputPolicyFlags without permission ACCESS_SURFACE_FLINGER
05-22 23:57:17.600 D/PhoneInterfaceManager( 5538): setDataEnabledForReason() Reason=1 Pid=5213 App=system
05-22 23:57:17.602 D/PhoneInterfaceManager( 5538): setDataEnabledForReason() Reason=1 Pid=5213 App=system
05-22 23:57:17.811 D/SemNscXgbMsL1( 5213): Probability - Cloud gaming: [0.010582135]
05-22 23:57:17.811 D/SemNscXgbMsL1( 5213): Probability - Real time: [0.8985328]
05-22 23:57:17.811 D/SemNscXgbMsL1( 5213): Probability - Non real time: [0.9496383]
05-22 23:57:17.811 D/SemNscXgbMsL1( 5213): 1 sample inference time: 0.639115 msecs
05-22 23:57:17.812 D/SemNscXgbL2Rt( 5213): L2 RT 1 sample inference time: 0.879384 msecs
05-22 23:57:17.813 D/SemNscXgbL2Nrt( 5213): L2 NRT 1 sample inference time: 0.827846 msecs
05-22 23:57:18.036 E/SurfaceFlinger( 4899): Attempt to update InputPolicyFlags without permission ACCESS_SURFACE_FLINGER
05-22 23:57:18.315 D/SemNscXgbMsL1( 5213): Probability - Cloud gaming: [0.004114067]
05-22 23:57:18.315 D/SemNscXgbMsL1( 5213): Probability - Real time: [0.8910046]
05-22 23:57:18.315 D/SemNscXgbMsL1( 5213): Probability - Non real time: [0.9122901]
05-22 23:57:18.315 D/SemNscXgbMsL1( 5213): 1 sample inference time: 0.634769 msecs
05-22 23:57:18.316 D/SemNscXgbL2Rt( 5213): L2 RT 1 sample inference time: 0.899115 msecs
05-22 23:57:18.317 D/SemNscXgbL2Nrt( 5213): L2 NRT 1 sample inference time: 0.839807 msecs
05-22 23:57:18.337 D/MobileStatusTracker(1/1)( 5568): onSignalStrengthsChanged signalStrength=SignalStrength:{mCdma=Invalid,mGsm=Invalid,mWcdma=Invalid,mTdscdma=Invalid,mLte=CellSignalStrengthLte: rssi=-107 rsrp=-106 rsrq=-14 rssnr=-3 cqiTableIndex=2147483647 cqi=6 ta=2147483647 level=3 parametersUseForLevel=0,mNr=Invalid,SignalBarInfo{ lteLevel=3 },rat=14,primary=CellSignalStrengthLte} level=3
05-22 23:57:18.339 D/NetworkController( 5568): SignalStrength from intent slotId=1
05-22 23:57:18.500 D/BatteryDump( 4822): wait_for_battery_event : occurred : change@/devices/platform/battery/power_supply/battery 
05-22 23:57:18.511 E/android.hardware.health@2.1-service-samsung( 4822): Could not open /sys/class/power_supply/battery/lrp
05-22 23:57:18.512 D/BatteryService( 5213): Sending ACTION_BATTERY_CHANGED. scale:100, info:{.chargerAcOnline = false, .chargerUsbOnline = true, .chargerWirelessOnline = false, .maxChargingCurrent = 0, .maxChargingVoltage = 0, .batteryStatus = CHARGING, .batteryHealth = GOOD, .batteryPresent = true, .batteryLevel = 78, .batteryVoltage = 4214, .batteryTemperature = 351, .batteryCurrent = 814, .batteryCycleCount = 0, .batteryFullCharge = 6000000, .batteryChargeCounter = 4203024, .batteryTechnology = Li-ion}
05-22 23:57:18.512 D/BatteryService( 5213): online:4, current avg:836, charge type:1, POGO powered:false, power sharing:false, high voltage charger:false, charger_type:0, capacity:280000, misc_event:0x20000, current_event:0x8000, current_now:814
05-22 23:57:18.514 D/PhoneWindowManagerExt( 5213): ACTION_BATTERY_CHANGED - Level=78, status=2
05-22 23:57:18.514 D/MotionRecognitionService( 5213): [SAR]  onReceive : ACTION_BATTERY_CHANGED, Plugged: 2
05-22 23:57:18.514 I/MotionRecognitionService( 5213): [TA] In/out: true, curr state: 1
05-22 23:57:18.514 D/SemWifiApBroadcastReceiver( 5213): Received : android.intent.action.BATTERY_CHANGED
05-22 23:57:18.515 D/SemBigDataInfoController( 5538): Intent : android.intent.action.BATTERY_CHANGED
05-22 23:57:18.516 I/PowerUI ( 5568): mBootCompleted = true |  mFullyConnected = true
05-22 23:57:18.516 I/PowerUI ( 5568): BATTERY_HEALTH_CHECK extraHealth=2 mBatteryMiscEvent=131072
05-22 23:57:18.516 D/PowerUI ( 5568): priorPlugType = 2 mPlugType = 2 priorBatteryStatus = 2 mBatteryStatus = 2
05-22 23:57:18.516 I/PowerUI ( 5568): oldMisalign : false, curMisalign : false
05-22 23:57:18.519 D/PowerUI.Notification( 5568): showChargingNotice oldChargingType : 1 currentChargingType : 1 oldChargingTime : 870000 mChargingTime : 859000
05-22 23:57:18.519 D/PowerUI.Notification( 5568): showChargingNotification()
05-22 23:57:18.520 D/SemBigDataInfoController( 5538): Intent : android.intent.action.BATTERY_CHANGED
05-22 23:57:18.521 D/PowerUI.Notification( 5568): 1. restoreScreenTimeOut - saved_value : :
05-22 23:57:18.521 E/PowerUI.Notification( 5568): no saved value, so we do nothing !!
05-22 23:57:18.523 D/ApplicationPolicy( 5213): isStatusBarNotificationAllowedAsUser: packageName = com.android.systemui,userId = 0
05-22 23:57:18.523 D/ApplicationPolicy( 5213): isStatusBarNotificationAllowedAsUser: packageName = com.android.systemui,userId = -1
05-22 23:57:18.523 D/ApplicationPolicy( 5213): isStatusBarNotificationAllowedAsUser: converting userId from USER_ALLto 0
05-22 23:57:18.524 D/PowerUI ( 5568): Battery swelling mode - priorBatterySwellingMode = 0 mBatterySwellingMode = 0 mBatteryStatus = 2
05-22 23:57:18.524 I/PowerUI ( 5568): mBatteryMiscEvent = 131072
05-22 23:57:18.527 D/KeyguardUpdateMonitor( 5568): received broadcast android.intent.action.BATTERY_CHANGED
05-22 23:57:18.527 I/AODBatteryManager( 5568): updateBatteryData: ACTION_BATTERY_CHANGED
05-22 23:57:18.529 I/AODBatteryManager( 5568): saveBatteryData : AOD BatteryData [mBatteryLevel=78, mBatteryStatus=CHARGING, mBatteryPlugType=USB, mBatteryPlugged=true, mRemainingChargeTime=859000, mBatteryChargingType=1, mBatteryChargerType=NORMAL, mBatteryOnline=USB, mBatterySwellingMode=NONE, mBatteryProtectMode=false]
05-22 23:57:18.529 I/ChargingInfoManager( 5568): updateChargingInfo: newState = AOD ChargingInfo [mState=BATTERY_AND_REMAIN_TIME, mIsCharging=true, mIsFullyCharged=false, mIsBatteryProtectMode=false], oldState = AOD ChargingInfo [mState=BATTERY_AND_REMAIN_TIME, mIsCharging=true, mIsFullyCharged=false, mIsBatteryProtectMode=false]
05-22 23:57:18.529 E/SurfaceFlinger( 4899): Attempt to update InputPolicyFlags without permission ACCESS_SURFACE_FLINGER
05-22 23:57:18.532 D/QS      ( 5568): setQSExpansion 0.0 -142.8
05-22 23:57:18.534 D/QS      ( 5568): setQSExpansion 0.0 -142.8
05-22 23:57:18.535 V/SecQSFragmentAnimatorBase( 5568): setQsExpansionPosition 0.0
05-22 23:57:18.535 V/QsExpandAnimator( 5568): setQsExpansionPosition 0.0 0
05-22 23:57:18.535 D/QS      ( 5568): setQSExpansion 0.0 -142.8
05-22 23:57:18.537 D/IndicatorGardenInputProperty( 5568): updateRotation() prv:-1 >> new:0
05-22 23:57:18.537 D/DeviceState( 5568): getDeviceResolutionPixelSize - currentDensity = 420 deviceDensity = 420 initialDisplaySizeFactor = 1080 currentDisplaySizeFactor = 1080 initialDisplayDensity = 420 proportionalDensity = 420 proportionalPixel = 0
05-22 23:57:18.537 D/DeviceState( 5568): getDeviceResolutionPixelSize - currentDensity = 420 deviceDensity = 420 initialDisplaySizeFactor = 1080 currentDisplaySizeFactor = 1080 initialDisplayDensity = 420 proportionalDensity = 420 proportionalPixel = 0
05-22 23:57:18.538 D/DeviceState( 5568): getDeviceResolutionPixelSize - currentDensity = 420 deviceDensity = 420 initialDisplaySizeFactor = 1080 currentDisplaySizeFactor = 1080 initialDisplayDensity = 420 proportionalDensity = 420 proportionalPixel = 0
05-22 23:57:18.538 E/IndicatorGardenAlgorithmBasicCutout( 5568): NOT MATCH !!!! resourceHeight:78, cutoutHeight:83 ([IndicatorGardenInputProperty]  Rotation(0-0,90-1,180-2,270-3)0, Density:2.625, ScreenWidthSize:1080, CoverSidePadding:0, mIndicatorGardenCenterOffset:11, mCameraCutoutCropSize:60, mGardenPaddingStart:21, mIndicatorCornerPadding:0, mCameraSidePadding:0, mCameraTopMargin:0, DpCutout:DisplayCutout{insets=Rect(0, 83 - 0, 0) waterfall=Insets{left=0, top=0, right=0, bottom=0} boundingRect={Bounds=[Rect(0, 0 - 0, 0), Rect(443, 0 - 637, 83), Rect(0, 0 - 0, 0), Rect(0, 0 - 0, 0)]} cutoutPathParserInfo={CutoutPathParserInfo{displayWidth=1080 displayHeight=2340 density={2.625} cutoutSpec={M36.95,0C26.35,0,24.15,3.8,23.15,9.8 l-0.1,0.7c-1.7,9.6-9.3,17.2-18.9,18.9c-12.7,2.2-24.8-6.2-27-18.9 c0,0-0.1-0.7-0.1-0.7C-24.15,3.8,-26.25,0,-36.95,0Z @dp} rotation={0} scale={1.0}}}}) 
05-22 23:57:18.538 E/IndicatorGardenAlgorithmBasicCutout( 5568): NOT MATCH !!!! resourceHeight:78, cutoutHeight:83 ([IndicatorGardenInputProperty]  Rotation(0-0,90-1,180-2,270-3)0, Density:2.625, ScreenWidthSize:1080, CoverSidePadding:0, mIndicatorGardenCenterOffset:11, mCameraCutoutCropSize:60, mGardenPaddingStart:21, mIndicatorCornerPadding:0, mCameraSidePadding:0, mCameraTopMargin:0, DpCutout:DisplayCutout{insets=Rect(0, 83 - 0, 0) waterfall=Insets{left=0, top=0, right=0, bottom=0} boundingRect={Bounds=[Rect(0, 0 - 0, 0), Rect(443, 0 - 637, 83), Rect(0, 0 - 0, 0), Rect(0, 0 - 0, 0)]} cutoutPathParserInfo={CutoutPathParserInfo{displayWidth=1080 displayHeight=2340 density={2.625} cutoutSpec={M36.95,0C26.35,0,24.15,3.8,23.15,9.8 l-0.1,0.7c-1.7,9.6-9.3,17.2-18.9,18.9c-12.7,2.2-24.8-6.2-27-18.9 c0,0-0.1-0.7-0.1-0.7C-24.15,3.8,-26.25,0,-36.95,0Z @dp} rotation={0} scale={1.0}}}}) 
05-22 23:57:18.539 W/Looper  ( 5568): Slow dispatch took 10ms main h=android.view.Choreographer$FrameHandler c=android.view.Choreographer$FrameDisplayEventReceiver@6137dc7 m=0
05-22 23:57:18.539 D/KeyguardUpdateMonitor( 5568): handleBatteryUpdate
05-22 23:57:18.542 D/KeyguardSecIndicationController( 5568): addIndicationTimeout() returned - unlocking
05-22 23:57:18.542 D/KeyguardSecIndicationController( 5568): addIndication() returned - unlocking
05-22 23:57:18.542 D/KeyguardSecIndicationController( 5568): addBatteryIndication() status = BatteryStatus{status=2,level=78,plugged=2,health=2,maxChargingWattage=-1,remaining=859000ultraFastCharger=0}
05-22 23:57:18.733 W/NotificationHistory( 5213): Attempted to add notif for locked/gone/disabled user 0
05-22 23:57:18.737 I/GW_NOTI-Provider-Fit3(32013): NotificationListener.onNotificationPosted - com.android.systemui[ -1 / 2131428820 ] : charging_state
05-22 23:57:18.738 I/Launcher.NotificationListener( 5975): onNotificationPosted : com.android.systemui number : 0
05-22 23:57:18.739 I/HMApplication(32013): getWearableConnectionMgr() - sWConnectionMgr: com.samsung.wearable.hostmanager.connection.WearableConnectionManager@2c566e6
05-22 23:57:18.739 I/WearableConnectionManager(32013): getConnectedBTAddress() :##:##:##:##:54:1A
05-22 23:57:18.740 I/HMApplication(32013): getWearableConnectionMgr() - sWConnectionMgr: com.samsung.wearable.hostmanager.connection.WearableConnectionManager@2c566e6
05-22 23:57:18.740 I/WearableConnectionManager(32013): isConnected() btAddress:##:##:##:##:54:1A mBtAddress:##:##:##:##:54:1A saAgentReadyStatus:0 connected result = true
05-22 23:57:18.741 I/GW_NOTI-Provider-Fit3(32013): NotificationListener.checkAndSendNotificationAhead - com.android.systemui[ -1 / 2131428820 ] : charging_state,   isPostedNotification: true, afterConnection: 0
05-22 23:57:18.741 D/InterruptionStateProvider( 5568): No bubble up: not allowed to bubble: -1|com.android.systemui|2131428820|charging_state|10052
05-22 23:57:18.741 I/GW_NOTI-Provider-Fit3(32013): CommonUtil.* com.android.systemui is Inclued package
05-22 23:57:18.742 I/GW_NOTI-Provider-Fit3(32013): NotificationListener.isSendable() [ABORT] - com.android.systemui -  This is an ignored package : com.android.systemui
