--------- beginning of main
05-22 23:57:04.857 D/ProcessState( 2856): Binder ioctl to enable oneway spam detection failed: Invalid argument
05-22 23:57:04.861 D/InputDispatcher( 5213): Inject key (2856): action=0, f=0x0, d=-1, time=1018525878000000
05-22 23:57:04.861 D/WindowManager( 5213): interceptKeyTq interceptKeyResult=1
05-22 23:57:04.862 I/InputDispatcher( 5213): Delivering key to (937): action: 0x0 (0), f=0x0, m=0x41, d=0, 'cc3a094'
05-22 23:57:04.863 I/HBD     (11039): a skip onKeyDown as physical keyboard not connected 
05-22 23:57:04.864 I/HBD     (11039): HoneyBoardService onKeyDown r:75fea636 consumed:false 
05-22 23:57:04.864 I/ViewRootImpl@f63227f[MainActivity](  937): ViewPostIme key 0
05-22 23:57:04.866 D/InputDispatcher( 5213): Inject key (2856): action=0, f=0x0, d=-1, time=1018525878000000
05-22 23:57:04.867 D/SingleKeyGesture( 5213): reset counter=0 mActiveRule=null Callers(5)=com.android.server.policy.SingleKeyGestureDetector.interceptKeyDown:277 com.android.server.policy.SingleKeyGestureDetector.interceptKey:219 com.android.server.policy.PhoneWindowManager.handleKeyGesture:4766 com.android.server.policy.PhoneWindowManager.interceptKeyBeforeQueueing:4300 com.android.server.wm.InputManagerCallback.interceptKeyBeforeQueueing:161 
05-22 23:57:04.867 D/WindowManager( 5213): interceptKeyTq interceptKeyResult=1
05-22 23:57:04.867 I/InputDispatcher( 5213): Delivering key to (937): action: 0x0 (0), f=0x0, m=0x41, d=0, 'cc3a094'
05-22 23:57:04.868 I/HBD     (11039): a skip onKeyDown as physical keyboard not connected 
05-22 23:57:04.869 I/HBD     (11039): HoneyBoardService onKeyDown r:d0d0161b consumed:false 
05-22 23:57:04.870 I/ViewRootImpl@f63227f[MainActivity](  937): setInTouchMode(false), android.view.ViewRootImpl.checkForLeavingTouchModeAndConsume:9050 android.view.ViewRootImpl.access$3500:303 android.view.ViewRootImpl$EarlyPostImeInputStage.processKeyEvent:7399 android.view.ViewRootImpl$EarlyPostImeInputStage.onProcess:7383 android.view.ViewRootImpl$InputStage.deliver:6927 android.view.ViewRootImpl$InputStage.onDeliverToNext:6984 android.view.ViewRootImpl$InputStage.forward:6950 android.view.ViewRootImpl$AsyncInputStage.forward:7181 android.view.ViewRootImpl$ImeInputStage.onFinishedInputEvent:7368 android.view.inputmethod.InputMethodManager$PendingEvent.run:3411 
05-22 23:57:04.870 I/ViewRootImpl@f63227f[MainActivity](  937): ViewPostIme key 0
05-22 23:57:04.872 D/InputDispatcher( 5213): Inject key (2856): action=1, f=0x0, d=-1, time=1018525878000000
05-22 23:57:04.872 D/WindowManager( 5213): interceptKeyTq interceptKeyResult=1
05-22 23:57:04.873 I/InputDispatcher( 5213): Delivering key to (937): action: 0x1 (0), f=0x0, m=0x41, d=0, 'cc3a094'
05-22 23:57:04.873 I/HBD     (11039): HoneyBoardService onKeyUp r:ddd872a3 consumed:false 
05-22 23:57:04.874 I/ViewRootImpl@f63227f[MainActivity](  937): ViewPostIme key 1
05-22 23:57:04.875 D/InputDispatcher( 5213): Inject key (2856): action=1, f=0x0, d=-1, time=1018525878000000
05-22 23:57:04.875 D/WindowManager( 5213): interceptKeyTq interceptKeyResult=1
05-22 23:57:04.875 I/InputDispatcher( 5213): Delivering key to (937): action: 0x1 (0), f=0x0, m=0x0, d=0, 'cc3a094'
05-22 23:57:04.876 I/HBD     (11039): HoneyBoardService onKeyUp r:19356d5d consumed:false 
05-22 23:57:04.877 I/ViewRootImpl@f63227f[MainActivity](  937): ViewPostIme key 1
05-22 23:57:04.878 D/InputDispatcher( 5213): Inject key (2856): action=0, f=0x0, d=-1, time=1018525878000000
05-22 23:57:04.878 D/WindowManager( 5213): interceptKeyTq interceptKeyResult=1
05-22 23:57:04.878 I/InputDispatcher( 5213): Delivering key to (937): action: 0x0 (0), f=0x0, m=0x0, d=0, 'cc3a094'
05-22 23:57:04.879 I/HBD     (11039): a skip onKeyDown as physical keyboard not connected 
05-22 23:57:04.879 I/HBD     (11039): HoneyBoardService onKeyDown r:a9603a99 consumed:false 
05-22 23:57:04.880 I/ViewRootImpl@f63227f[MainActivity](  937): ViewPostIme key 0
05-22 23:57:04.881 D/InputDispatcher( 5213): Inject key (2856): action=1, f=0x0, d=-1, time=1018525878000000
05-22 23:57:04.882 D/WindowManager( 5213): interceptKeyTq interceptKeyResult=1
05-22 23:57:04.882 I/InputDispatcher( 5213): Delivering key to (937): action: 0x1 (0), f=0x0, m=0x0, d=0, 'cc3a094'
05-22 23:57:04.883 I/HBD     (11039): HoneyBoardService onKeyUp r:eb7fe50f consumed:false 
05-22 23:57:04.935 I/ViewRootImpl@f63227f[MainActivity](  937): ViewPostIme key 1
05-22 23:57:04.936 D/InputDispatcher( 5213): Inject key (2856): action=0, f=0x0, d=-1, time=1018525878000000
05-22 23:57:04.937 I/HBD     (11039): bd ous -  0 ,  0 ,  2 ,  2 ,  -1 ,  -1
05-22 23:57:04.937 D/WindowManager( 5213): interceptKeyTq interceptKeyResult=1
05-22 23:57:04.938 I/InputDispatcher( 5213): Delivering key to (937): action: 0x0 (0), f=0x0, m=0x0, d=0, 'cc3a094'
05-22 23:57:04.949 E/SurfaceFlinger( 4899): Attempt to update InputPolicyFlags without permission ACCESS_SURFACE_FLINGER
05-22 23:57:04.965 E/SurfaceFlinger( 4899): Attempt to update InputPolicyFlags without permission ACCESS_SURFACE_FLINGER
05-22 23:57:04.965 I/HBD     (11039): b getET , flag: 1 , start: 2 , end: 2 , length: 2 , composingLength: 0 , isKCC: false
05-22 23:57:04.970 I/HBD     (11039): al EBD cm f 1 
05-22 23:57:04.971 I/HBD     (11039): a skip onKeyDown as physical keyboard not connected 
05-22 23:57:04.971 I/HBD     (11039): HoneyBoardService onKeyDown r:5a4a5555 consumed:false 
05-22 23:57:04.987 I/ViewRootImpl@f63227f[MainActivity](  937): ViewPostIme key 0
05-22 23:57:04.989 D/InputDispatcher( 5213): Inject key (2856): action=1, f=0x0, d=-1, time=1018525878000000
05-22 23:57:04.990 I/HBD     (11039): a [PF_KL][HBIC] getExtractedText, 25 
05-22 23:57:04.990 D/WindowManager( 5213): interceptKeyTq interceptKeyResult=1
05-22 23:57:04.991 I/InputDispatcher( 5213): Delivering key to (937): action: 0x1 (0), f=0x0, m=0x0, d=0, 'cc3a094'
05-22 23:57:05.000 E/SurfaceFlinger( 4899): Attempt to update InputPolicyFlags without permission ACCESS_SURFACE_FLINGER
05-22 23:57:05.024 I/HBD     (11039): bd ous -  2 ,  2 ,  3 ,  3 ,  -1 ,  -1
05-22 23:57:05.031 E/SurfaceFlinger( 4899): Attempt to update InputPolicyFlags without permission ACCESS_SURFACE_FLINGER
05-22 23:57:05.036 I/HBD     (11039): al EBD cm f 1 
05-22 23:57:05.036 I/HBD     (11039): HoneyBoardService onKeyUp r:303b0c7f consumed:false 
05-22 23:57:05.041 I/ViewRootImpl@f63227f[MainActivity](  937): ViewPostIme key 1
05-22 23:57:05.043 D/InputDispatcher( 5213): Inject key (2856): action=0, f=0x0, d=-1, time=1018525878000000
05-22 23:57:05.043 D/WindowManager( 5213): interceptKeyTq interceptKeyResult=1
05-22 23:57:05.044 I/InputDispatcher( 5213): Delivering key to (937): action: 0x0 (0), f=0x0, m=0x0, d=0, 'cc3a094'
05-22 23:57:05.044 I/HBD     (11039): a skip onKeyDown as physical keyboard not connected 
05-22 23:57:05.045 I/HBD     (11039): HoneyBoardService onKeyDown r:885d8a34 consumed:false 
05-22 23:57:05.047 E/SurfaceFlinger( 4899): Attempt to update InputPolicyFlags without permission ACCESS_SURFACE_FLINGER
05-22 23:57:05.067 I/ViewRootImpl@f63227f[MainActivity](  937): ViewPostIme key 0
05-22 23:57:05.070 D/InputDispatcher( 5213): Inject key (2856): action=1, f=0x0, d=-1, time=1018525878000000
05-22 23:57:05.070 D/WindowManager( 5213): interceptKeyTq interceptKeyResult=1
05-22 23:57:05.071 I/InputDispatcher( 5213): Delivering key to (937): action: 0x1 (0), f=0x0, m=0x0, d=0, 'cc3a094'
05-22 23:57:05.080 E/SurfaceFlinger( 4899): Attempt to update InputPolicyFlags without permission ACCESS_SURFACE_FLINGER
05-22 23:57:05.103 I/HBD     (11039): bd ous -  3 ,  3 ,  4 ,  4 ,  -1 ,  -1
05-22 23:57:05.113 E/SurfaceFlinger( 4899): Attempt to update InputPolicyFlags without permission ACCESS_SURFACE_FLINGER
05-22 23:57:05.115 I/HBD     (11039): al EBD cm f 1 
05-22 23:57:05.116 I/HBD     (11039): HoneyBoardService onKeyUp r:8c534e46 consumed:false 
05-22 23:57:05.119 I/ViewRootImpl@f63227f[MainActivity](  937): ViewPostIme key 1
05-22 23:57:05.121 D/InputDispatcher( 5213): Inject key (2856): action=0, f=0x0, d=-1, time=1018525878000000
05-22 23:57:05.121 D/WindowManager( 5213): interceptKeyTq interceptKeyResult=1
05-22 23:57:05.122 I/InputDispatcher( 5213): Delivering key to (937): action: 0x0 (0), f=0x0, m=0x0, d=0, 'cc3a094'
05-22 23:57:05.130 E/SurfaceFlinger( 4899): Attempt to update InputPolicyFlags without permission ACCESS_SURFACE_FLINGER
05-22 23:57:05.143 I/HBD     (11039): a skip onKeyDown as physical keyboard not connected 
05-22 23:57:05.144 I/HBD     (11039): HoneyBoardService onKeyDown r:11f4af69 consumed:false 
05-22 23:57:05.144 I/ViewRootImpl@f63227f[MainActivity](  937): ViewPostIme key 0
05-22 23:57:05.147 D/InputDispatcher( 5213): Inject key (2856): action=1, f=0x0, d=-1, time=1018525878000000
05-22 23:57:05.147 D/WindowManager( 5213): interceptKeyTq interceptKeyResult=1
05-22 23:57:05.148 I/InputDispatcher( 5213): Delivering key to (937): action: 0x1 (0), f=0x0, m=0x0, d=0, 'cc3a094'
05-22 23:57:05.151 D/SemNscXgbMsL1( 5213): Probability - Cloud gaming: [0.043492995]
05-22 23:57:05.152 D/SemNscXgbMsL1( 5213): Probability - Real time: [0.96100235]
05-22 23:57:05.152 D/SemNscXgbMsL1( 5213): Probability - Non real time: [0.9452727]
05-22 23:57:05.152 D/SemNscXgbMsL1( 5213): 1 sample inference time: 0.411769 msecs
05-22 23:57:05.152 D/SemNscXgbL2Rt( 5213): L2 RT 1 sample inference time: 0.492423 msecs
05-22 23:57:05.153 D/SemNscXgbL2Nrt( 5213): L2 NRT 1 sample inference time: 0.466077 msecs
05-22 23:57:05.162 E/SurfaceFlinger( 4899): Attempt to update InputPolicyFlags without permission ACCESS_SURFACE_FLINGER
05-22 23:57:05.181 I/HBD     (11039): bd ous -  4 ,  4 ,  5 ,  5 ,  -1 ,  -1
05-22 23:57:05.194 I/HBD     (11039): al EBD cm f 1 
05-22 23:57:05.195 I/HBD     (11039): HoneyBoardService onKeyUp r:b441fb00 consumed:false 
05-22 23:57:05.195 E/SurfaceFlinger( 4899): Attempt to update InputPolicyFlags without permission ACCESS_SURFACE_FLINGER
05-22 23:57:05.199 I/ViewRootImpl@f63227f[MainActivity](  937): ViewPostIme key 1
05-22 23:57:05.200 D/InputDispatcher( 5213): Inject key (2856): action=0, f=0x0, d=-1, time=1018525878000000
05-22 23:57:05.201 D/WindowManager( 5213): interceptKeyTq interceptKeyResult=1
05-22 23:57:05.202 I/InputDispatcher( 5213): Delivering key to (937): action: 0x0 (0), f=0x0, m=0x0, d=0, 'cc3a094'
05-22 23:57:05.212 E/SurfaceFlinger( 4899): Attempt to update InputPolicyFlags without permission ACCESS_SURFACE_FLINGER
05-22 23:57:05.225 I/HBD     (11039): a skip onKeyDown as physical keyboard not connected 
05-22 23:57:05.225 I/HBD     (11039): HoneyBoardService onKeyDown r:6abda0d4 consumed:false 
05-22 23:57:05.226 I/ViewRootImpl@f63227f[MainActivity](  937): ViewPostIme key 0
05-22 23:57:05.228 D/InputDispatcher( 5213): Inject key (2856): action=1, f=0x0, d=-1, time=1018525878000000
05-22 23:57:05.228 D/WindowManager( 5213): interceptKeyTq interceptKeyResult=1
05-22 23:57:05.228 I/InputDispatcher( 5213): Delivering key to (937): action: 0x1 (0), f=0x0, m=0x0, d=0, 'cc3a094'
05-22 23:57:05.245 E/SurfaceFlinger( 4899): Attempt to update InputPolicyFlags without permission ACCESS_SURFACE_FLINGER
05-22 23:57:05.265 I/HBD     (11039): bd ous -  5 ,  5 ,  6 ,  6 ,  -1 ,  -1
05-22 23:57:05.276 I/HBD     (11039): al EBD cm f 1 
05-22 23:57:05.276 E/SurfaceFlinger( 4899): Attempt to update InputPolicyFlags without permission ACCESS_SURFACE_FLINGER
05-22 23:57:05.276 I/HBD     (11039): HoneyBoardService onKeyUp r:7d081be5 consumed:false 
05-22 23:57:05.281 I/ViewRootImpl@f63227f[MainActivity](  937): ViewPostIme key 1
05-22 23:57:05.282 D/InputDispatcher( 5213): Inject key (2856): action=0, f=0x0, d=-1, time=1018525878000000
05-22 23:57:05.283 D/WindowManager( 5213): interceptKeyTq interceptKeyResult=1
05-22 23:57:05.284 I/InputDispatcher( 5213): Delivering key to (937): action: 0x0 (0), f=0x0, m=0x0, d=0, 'cc3a094'
05-22 23:57:05.293 E/SurfaceFlinger( 4899): Attempt to update InputPolicyFlags without permission ACCESS_SURFACE_FLINGER
05-22 23:57:05.304 I/HBD     (11039): a skip onKeyDown as physical keyboard not connected 
05-22 23:57:05.305 I/HBD     (11039): HoneyBoardService onKeyDown r:61443a0a consumed:false 
05-22 23:57:05.309 E/SurfaceFlinger( 4899): Attempt to update InputPolicyFlags without permission ACCESS_SURFACE_FLINGER
05-22 23:57:05.318 I/ViewRootImpl@f63227f[MainActivity](  937): ViewPostIme key 0
05-22 23:57:05.320 D/InputDispatcher( 5213): Inject key (2856): action=1, f=0x0, d=-1, time=1018525878000000
05-22 23:57:05.320 D/WindowManager( 5213): interceptKeyTq interceptKeyResult=1
05-22 23:57:05.320 I/InputDispatcher( 5213): Delivering key to (937): action: 0x1 (0), f=0x0, m=0x0, d=0, 'cc3a094'
05-22 23:57:05.323 I/HBD     (11039): HoneyBoardService onKeyUp r:ee8b4b11 consumed:false 
05-22 23:57:05.325 E/SurfaceFlinger( 4899): Attempt to update InputPolicyFlags without permission ACCESS_SURFACE_FLINGER
05-22 23:57:05.353 I/ViewRootImpl@f63227f[MainActivity](  937): ViewPostIme key 1
05-22 23:57:05.355 D/InputDispatcher( 5213): Inject key (2856): action=0, f=0x0, d=-1, time=1018525878000000
05-22 23:57:05.355 D/WindowManager( 5213): interceptKeyTq interceptKeyResult=1
05-22 23:57:05.356 I/InputDispatcher( 5213): Delivering key to (937): action: 0x0 (0), f=0x0, m=0x0, d=0, 'cc3a094'
05-22 23:57:05.358 E/SurfaceFlinger( 4899): Attempt to update InputPolicyFlags without permission ACCESS_SURFACE_FLINGER
05-22 23:57:05.365 I/HBD     (11039): bd ous -  6 ,  6 ,  7 ,  7 ,  -1 ,  -1
05-22 23:57:05.374 I/HBD     (11039): al EBD cm f 1 
05-22 23:57:05.374 I/HBD     (11039): a skip onKeyDown as physical keyboard not connected 
05-22 23:57:05.374 I/HBD     (11039): HoneyBoardService onKeyDown r:bb34405a consumed:false 
05-22 23:57:05.375 E/SurfaceFlinger( 4899): Attempt to update InputPolicyFlags without permission ACCESS_SURFACE_FLINGER
05-22 23:57:05.375 I/ViewRootImpl@f63227f[MainActivity](  937): ViewPostIme key 0
05-22 23:57:05.376 D/InputDispatcher( 5213): Inject key (2856): action=1, f=0x0, d=-1, time=1018525878000000
05-22 23:57:05.376 D/WindowManager( 5213): interceptKeyTq interceptKeyResult=1
05-22 23:57:05.377 I/InputDispatcher( 5213): Delivering key to (937): action: 0x1 (0), f=0x0, m=0x0, d=0, 'cc3a094'
05-22 23:57:05.400 I/HBD     (11039): bd ous -  7 ,  7 ,  8 ,  8 ,  -1 ,  -1
05-22 23:57:05.407 E/SurfaceFlinger( 4899): Attempt to update InputPolicyFlags without permission ACCESS_SURFACE_FLINGER
05-22 23:57:05.412 I/HBD     (11039): al EBD cm f 1 
05-22 23:57:05.412 I/HBD     (11039): HoneyBoardService onKeyUp r:fc9b76cc consumed:false 
05-22 23:57:05.421 I/ViewRootImpl@f63227f[MainActivity](  937): ViewPostIme key 1
05-22 23:57:05.423 D/InputDispatcher( 5213): Inject key (2856): action=0, f=0x0, d=-1, time=1018525878000000
05-22 23:57:05.423 D/WindowManager( 5213): interceptKeyTq interceptKeyResult=1
05-22 23:57:05.424 E/SurfaceFlinger( 4899): Attempt to update InputPolicyFlags without permission ACCESS_SURFACE_FLINGER
05-22 23:57:05.425 I/InputDispatcher( 5213): Delivering key to (937): action: 0x0 (0), f=0x0, m=0x41, d=0, 'cc3a094'
05-22 23:57:05.425 I/HBD     (11039): a skip onKeyDown as physical keyboard not connected 
05-22 23:57:05.426 I/HBD     (11039): HoneyBoardService onKeyDown r:c9cf77a4 consumed:false 
05-22 23:57:05.426 I/ViewRootImpl@f63227f[MainActivity](  937): ViewPostIme key 0
05-22 23:57:05.428 D/InputDispatcher( 5213): Inject key (2856): action=0, f=0x0, d=-1, time=1018525878000000
05-22 23:57:05.429 D/SingleKeyGesture( 5213): reset counter=0 mActiveRule=null Callers(5)=com.android.server.policy.SingleKeyGestureDetector.interceptKeyDown:277 com.android.server.policy.SingleKeyGestureDetector.interceptKey:219 com.android.server.policy.PhoneWindowManager.handleKeyGesture:4766 com.android.server.policy.PhoneWindowManager.interceptKeyBeforeQueueing:4300 com.android.server.wm.InputManagerCallback.interceptKeyBeforeQueueing:161 
05-22 23:57:05.429 D/WindowManager( 5213): interceptKeyTq interceptKeyResult=1
05-22 23:57:05.429 I/InputDispatcher( 5213): Delivering key to (937): action: 0x0 (0), f=0x0, m=0x41, d=0, 'cc3a094'
05-22 23:57:05.430 I/HBD     (11039): a skip onKeyDown as physical keyboard not connected 
05-22 23:57:05.430 I/HBD     (11039): HoneyBoardService onKeyDown r:34f8ed2e consumed:false 
05-22 23:57:05.431 I/ViewRootImpl@f63227f[MainActivity](  937): ViewPostIme key 0
05-22 23:57:05.433 D/InputDispatcher( 5213): Inject key (2856): action=1, f=0x0, d=-1, time=1018525878000000
05-22 23:57:05.433 D/WindowManager( 5213): interceptKeyTq interceptKeyResult=1
05-22 23:57:05.433 I/InputDispatcher( 5213): Delivering key to (937): action: 0x1 (0), f=0x0, m=0x41, d=0, 'cc3a094'
05-22 23:57:05.434 I/HBD     (11039): HoneyBoardService onKeyUp r:f901d0fe consumed:false 
05-22 23:57:05.435 I/ViewRootImpl@f63227f[MainActivity](  937): ViewPostIme key 1
05-22 23:57:05.435 D/InputDispatcher( 5213): Inject key (2856): action=1, f=0x0, d=-1, time=1018525878000000
05-22 23:57:05.436 D/WindowManager( 5213): interceptKeyTq interceptKeyResult=1
05-22 23:57:05.436 I/InputDispatcher( 5213): Delivering key to (937): action: 0x1 (0), f=0x0, m=0x0, d=0, 'cc3a094'
05-22 23:57:05.437 I/HBD     (11039): HoneyBoardService onKeyUp r:214d423f consumed:false 
05-22 23:57:05.437 I/ViewRootImpl@f63227f[MainActivity](  937): ViewPostIme key 1
05-22 23:57:05.438 D/InputDispatcher( 5213): Inject key (2856): action=0, f=0x0, d=-1, time=1018525878000000
05-22 23:57:05.439 D/WindowManager( 5213): interceptKeyTq interceptKeyResult=1
05-22 23:57:05.439 I/InputDispatcher( 5213): Delivering key to (937): action: 0x0 (0), f=0x0, m=0x0, d=0, 'cc3a094'
05-22 23:57:05.440 I/HBD     (11039): a skip onKeyDown as physical keyboard not connected 
05-22 23:57:05.440 E/SurfaceFlinger( 4899): Attempt to update InputPolicyFlags without permission ACCESS_SURFACE_FLINGER
05-22 23:57:05.440 I/HBD     (11039): HoneyBoardService onKeyDown r:0cce7cb0 consumed:false 
05-22 23:57:05.463 I/ViewRootImpl@f63227f[MainActivity](  937): ViewPostIme key 0
05-22 23:57:05.464 D/InputDispatcher( 5213): Inject key (2856): action=1, f=0x0, d=-1, time=1018525878000000
05-22 23:57:05.465 D/WindowManager( 5213): interceptKeyTq interceptKeyResult=1
05-22 23:57:05.465 I/HBD     (11039): bd ous -  8 ,  8 ,  9 ,  9 ,  -1 ,  -1
05-22 23:57:05.465 I/InputDispatcher( 5213): Delivering key to (937): action: 0x1 (0), f=0x0, m=0x0, d=0, 'cc3a094'
05-22 23:57:05.473 E/SurfaceFlinger( 4899): Attempt to update InputPolicyFlags without permission ACCESS_SURFACE_FLINGER
05-22 23:57:05.488 I/HBD     (11039): al EBD cm f 1 
05-22 23:57:05.488 I/HBD     (11039): HoneyBoardService onKeyUp r:206ecf6d consumed:false 
05-22 23:57:05.492 I/ViewRootImpl@f63227f[MainActivity](  937): ViewPostIme key 1
05-22 23:57:05.493 D/InputDispatcher( 5213): Inject key (2856): action=0, f=0x0, d=-1, time=1018525878000000
05-22 23:57:05.494 D/WindowManager( 5213): interceptKeyTq interceptKeyResult=1
05-22 23:57:05.495 I/InputDispatcher( 5213): Delivering key to (937): action: 0x0 (0), f=0x0, m=0x0, d=0, 'cc3a094'
05-22 23:57:05.506 E/SurfaceFlinger( 4899): Attempt to update InputPolicyFlags without permission ACCESS_SURFACE_FLINGER
05-22 23:57:05.508 I/HBD     (11039): bd ous -  9 ,  9 ,  10 ,  10 ,  -1 ,  -1
05-22 23:57:05.521 I/HBD     (11039): al EBD cm f 1 
05-22 23:57:05.521 I/HBD     (11039): a skip onKeyDown as physical keyboard not connected 
05-22 23:57:05.521 I/HBD     (11039): HoneyBoardService onKeyDown r:6793c85a consumed:false 
05-22 23:57:05.522 E/SurfaceFlinger( 4899): Attempt to update InputPolicyFlags without permission ACCESS_SURFACE_FLINGER
05-22 23:57:05.522 I/ViewRootImpl@f63227f[MainActivity](  937): ViewPostIme key 0
05-22 23:57:05.524 D/InputDispatcher( 5213): Inject key (2856): action=1, f=0x0, d=-1, time=1018525878000000
05-22 23:57:05.524 D/WindowManager( 5213): interceptKeyTq interceptKeyResult=1
05-22 23:57:05.524 I/InputDispatcher( 5213): Delivering key to (937): action: 0x1 (0), f=0x0, m=0x0, d=0, 'cc3a094'
05-22 23:57:05.533 D/MobileStatusTracker(1/1)( 5568): onSignalStrengthsChanged signalStrength=SignalStrength:{mCdma=Invalid,mGsm=Invalid,mWcdma=Invalid,mTdscdma=Invalid,mLte=CellSignalStrengthLte: rssi=-107 rsrp=-106 rsrq=-14 rssnr=-1 cqiTableIndex=2147483647 cqi=6 ta=2147483647 level=3 parametersUseForLevel=0,mNr=Invalid,SignalBarInfo{ lteLevel=3 },rat=14,primary=CellSignalStrengthLte} level=3
05-22 23:57:05.535 D/NetworkController( 5568): SignalStrength from intent slotId=1
05-22 23:57:05.548 I/HBD     (11039): bd ous -  10 ,  10 ,  11 ,  11 ,  -1 ,  -1
05-22 23:57:05.554 E/SurfaceFlinger( 4899): Attempt to update InputPolicyFlags without permission ACCESS_SURFACE_FLINGER
05-22 23:57:05.561 I/HBD     (11039): al EBD cm f 1 
05-22 23:57:05.562 I/HBD     (11039): HoneyBoardService onKeyUp r:7a46a695 consumed:false 
05-22 23:57:05.569 I/ViewRootImpl@f63227f[MainActivity](  937): ViewPostIme key 1
05-22 23:57:05.571 E/SurfaceFlinger( 4899): Attempt to update InputPolicyFlags without permission ACCESS_SURFACE_FLINGER
05-22 23:57:05.571 D/InputDispatcher( 5213): Inject key (2856): action=0, f=0x0, d=-1, time=1018525878000000
05-22 23:57:05.572 D/WindowManager( 5213): interceptKeyTq interceptKeyResult=1
05-22 23:57:05.572 I/InputDispatcher( 5213): Delivering key to (937): action: 0x0 (0), f=0x0, m=0x0, d=0, 'cc3a094'
05-22 23:57:05.573 I/HBD     (11039): a skip onKeyDown as physical keyboard not connected 
05-22 23:57:05.574 I/HBD     (11039): HoneyBoardService onKeyDown r:9eefbb01 consumed:false 
05-22 23:57:05.574 I/ViewRootImpl@f63227f[MainActivity](  937): ViewPostIme key 0
05-22 23:57:05.576 D/InputDispatcher( 5213): Inject key (2856): action=1, f=0x0, d=-1, time=1018525878000000
05-22 23:57:05.577 D/WindowManager( 5213): interceptKeyTq interceptKeyResult=1
05-22 23:57:05.577 I/InputDispatcher( 5213): Delivering key to (937): action: 0x1 (0), f=0x0, m=0x0, d=0, 'cc3a094'
05-22 23:57:05.578 I/HBD     (11039): HoneyBoardService onKeyUp r:a257eb23 consumed:false 
05-22 23:57:05.579 I/ViewRootImpl@f63227f[MainActivity](  937): ViewPostIme key 1
05-22 23:57:05.580 D/InputDispatcher( 5213): Inject key (2856): action=0, f=0x0, d=-1, time=1018525878000000
05-22 23:57:05.580 D/WindowManager( 5213): interceptKeyTq interceptKeyResult=1
05-22 23:57:05.580 I/InputDispatcher( 5213): Delivering key to (937): action: 0x0 (0), f=0x0, m=0x0, d=0, 'cc3a094'
05-22 23:57:05.581 I/HBD     (11039): a skip onKeyDown as physical keyboard not connected 
05-22 23:57:05.581 I/HBD     (11039): HoneyBoardService onKeyDown r:ab011ff7 consumed:false 
05-22 23:57:05.582 I/ViewRootImpl@f63227f[MainActivity](  937): ViewPostIme key 0
05-22 23:57:05.583 D/InputDispatcher( 5213): Inject key (2856): action=1, f=0x0, d=-1, time=1018525878000000
05-22 23:57:05.583 D/WindowManager( 5213): interceptKeyTq interceptKeyResult=1
05-22 23:57:05.584 I/InputDispatcher( 5213): Delivering key to (937): action: 0x1 (0), f=0x0, m=0x0, d=0, 'cc3a094'
05-22 23:57:05.585 I/HBD     (11039): HoneyBoardService onKeyUp r:e0ee27c6 consumed:false 
05-22 23:57:05.585 I/ViewRootImpl@f63227f[MainActivity](  937): ViewPostIme key 1
05-22 23:57:05.586 D/InputDispatcher( 5213): Inject key (2856): action=0, f=0x0, d=-1, time=1018525878000000
05-22 23:57:05.586 D/WindowManager( 5213): interceptKeyTq interceptKeyResult=1
05-22 23:57:05.586 I/InputDispatcher( 5213): Delivering key to (937): action: 0x0 (0), f=0x0, m=0x41, d=0, 'cc3a094'
05-22 23:57:05.587 E/SurfaceFlinger( 4899): Attempt to update InputPolicyFlags without permission ACCESS_SURFACE_FLINGER
05-22 23:57:05.587 I/HBD     (11039): a skip onKeyDown as physical keyboard not connected 
05-22 23:57:05.587 I/HBD     (11039): HoneyBoardService onKeyDown r:fd5280d3 consumed:false 
05-22 23:57:05.610 I/ViewRootImpl@f63227f[MainActivity](  937): ViewPostIme key 0
05-22 23:57:05.612 I/HBD     (11039): bd ous -  11 ,  11 ,  13 ,  13 ,  -1 ,  -1
05-22 23:57:05.612 D/InputDispatcher( 5213): Inject key (2856): action=0, f=0x0, d=-1, time=1018525878000000
05-22 23:57:05.613 D/SingleKeyGesture( 5213): reset counter=0 mActiveRule=null Callers(5)=com.android.server.policy.SingleKeyGestureDetector.interceptKeyDown:277 com.android.server.policy.SingleKeyGestureDetector.interceptKey:219 com.android.server.policy.PhoneWindowManager.handleKeyGesture:4766 com.android.server.policy.PhoneWindowManager.interceptKeyBeforeQueueing:4300 com.android.server.wm.InputManagerCallback.interceptKeyBeforeQueueing:161 
05-22 23:57:05.613 D/WindowManager( 5213): interceptKeyTq interceptKeyResult=1
05-22 23:57:05.614 I/InputDispatcher( 5213): Delivering key to (937): action: 0x0 (0), f=0x0, m=0x41, d=0, 'cc3a094'
05-22 23:57:05.619 E/SurfaceFlinger( 4899): Attempt to update InputPolicyFlags without permission ACCESS_SURFACE_FLINGER
05-22 23:57:05.627 I/HBD     (11039): al EBD cm f 1 
05-22 23:57:05.627 I/HBD     (11039): a skip onKeyDown as physical keyboard not connected 
05-22 23:57:05.627 I/HBD     (11039): HoneyBoardService onKeyDown r:6c7e7e4d consumed:false 
05-22 23:57:05.633 D/IptablesRestoreController( 4802): [iptables debug]iptables-restore execute *filter
05-22 23:57:05.633 D/IptablesRestoreController( 4802): -nvx -L tetherctrl_counters
05-22 23:57:05.633 D/IptablesRestoreController( 4802): COMMIT
05-22 23:57:05.634 I/ViewRootImpl@f63227f[MainActivity](  937): ViewPostIme key 0
05-22 23:57:05.635 D/IptablesRestoreController( 4802): [iptables debug]iptables-restore execute done, res : 0
05-22 23:57:05.636 E/SurfaceFlinger( 4899): Attempt to update InputPolicyFlags without permission ACCESS_SURFACE_FLINGER
05-22 23:57:05.636 D/IptablesRestoreController( 4802): [iptables debug]iptables-restore execute *filter
05-22 23:57:05.636 D/IptablesRestoreController( 4802): -nvx -L tetherctrl_counters
05-22 23:57:05.636 D/IptablesRestoreController( 4802): COMMIT
05-22 23:57:05.637 D/InputDispatcher( 5213): Inject key (2856): action=1, f=0x0, d=-1, time=1018525878000000
05-22 23:57:05.637 D/WindowManager( 5213): interceptKeyTq interceptKeyResult=1
05-22 23:57:05.638 I/InputDispatcher( 5213): Delivering key to (937): action: 0x1 (0), f=0x0, m=0x41, d=0, 'cc3a094'
05-22 23:57:05.640 D/IptablesRestoreController( 4802): [iptables debug]iptables-restore execute done, res : 0
05-22 23:57:05.653 E/SurfaceFlinger( 4899): Attempt to update InputPolicyFlags without permission ACCESS_SURFACE_FLINGER
05-22 23:57:05.654 D/SemNscXgbMsL1( 5213): Probability - Cloud gaming: [0.011789859]
05-22 23:57:05.654 D/SemNscXgbMsL1( 5213): Probability - Real time: [0.81943756]
05-22 23:57:05.654 D/SemNscXgbMsL1( 5213): Probability - Non real time: [0.86128134]
05-22 23:57:05.655 D/SemNscXgbMsL1( 5213): 1 sample inference time: 0.458346 msecs
05-22 23:57:05.655 D/SemNscXgbL2Rt( 5213): L2 RT 1 sample inference time: 0.478039 msecs
05-22 23:57:05.656 D/SemNscXgbL2Nrt( 5213): L2 NRT 1 sample inference time: 0.446346 msecs
05-22 23:57:05.662 I/HBD     (11039): bd ous -  13 ,  13 ,  14 ,  14 ,  -1 ,  -1
05-22 23:57:05.668 E/SurfaceFlinger( 4899): Attempt to update InputPolicyFlags without permission ACCESS_SURFACE_FLINGER
05-22 23:57:05.685 E/SurfaceFlinger( 4899): Attempt to update InputPolicyFlags without permission ACCESS_SURFACE_FLINGER
05-22 23:57:05.701 E/SurfaceFlinger( 4899): Attempt to update InputPolicyFlags without permission ACCESS_SURFACE_FLINGER
05-22 23:57:05.709 I/HBD     (11039): a [PF_EN] updateSelectList() t, 45 
05-22 23:57:05.713 I/HBD     (11039): al EBD cm f 1 
05-22 23:57:05.714 I/HBD     (11039): HoneyBoardService onKeyUp r:06eb63c8 consumed:false 
05-22 23:57:05.715 I/ViewRootImpl@f63227f[MainActivity](  937): ViewPostIme key 1
05-22 23:57:05.716 D/InputDispatcher( 5213): Inject key (2856): action=1, f=0x0, d=-1, time=1018525878000000
05-22 23:57:05.716 D/WindowManager( 5213): interceptKeyTq interceptKeyResult=1
05-22 23:57:05.716 I/InputDispatcher( 5213): Delivering key to (937): action: 0x1 (0), f=0x0, m=0x0, d=0, 'cc3a094'
05-22 23:57:05.717 I/HBD     (11039): HoneyBoardService onKeyUp r:e94ffe16 consumed:false 
05-22 23:57:05.718 I/ViewRootImpl@f63227f[MainActivity](  937): ViewPostIme key 1
05-22 23:57:05.719 D/InputDispatcher( 5213): Inject key (2856): action=0, f=0x0, d=-1, time=1018525878000000
05-22 23:57:05.720 D/WindowManager( 5213): interceptKeyTq interceptKeyResult=1
05-22 23:57:05.721 I/InputDispatcher( 5213): Delivering key to (937): action: 0x0 (0), f=0x0, m=0x0, d=0, 'cc3a094'
05-22 23:57:05.721 I/HBD     (11039): a skip onKeyDown as physical keyboard not connected 
05-22 23:57:05.722 I/HBD     (11039): HoneyBoardService onKeyDown r:c3fe13ba consumed:false 
05-22 23:57:05.722 I/ViewRootImpl@f63227f[MainActivity](  937): ViewPostIme key 0
05-22 23:57:05.724 D/InputDispatcher( 5213): Inject key (2856): action=1, f=0x0, d=-1, time=1018525878000000
05-22 23:57:05.725 D/WindowManager( 5213): interceptKeyTq interceptKeyResult=1
05-22 23:57:05.726 D/PhoneInterfaceManager( 5538): setDataEnabledForReason() Reason=1 Pid=5213 App=system
05-22 23:57:05.726 I/InputDispatcher( 5213): Delivering key to (937): action: 0x1 (0), f=0x0, m=0x0, d=0, 'cc3a094'
05-22 23:57:05.727 I/HBD     (11039): HoneyBoardService onKeyUp r:7a147748 consumed:false 
05-22 23:57:05.728 I/ViewRootImpl@f63227f[MainActivity](  937): ViewPostIme key 1
05-22 23:57:05.728 D/PhoneInterfaceManager( 5538): setDataEnabledForReason() Reason=1 Pid=5213 App=system
05-22 23:57:05.729 D/InputDispatcher( 5213): Inject key (2856): action=0, f=0x0, d=-1, time=1018525878000000
05-22 23:57:05.729 D/WindowManager( 5213): interceptKeyTq interceptKeyResult=1
05-22 23:57:05.730 I/InputDispatcher( 5213): Delivering key to (937): action: 0x0 (0), f=0x0, m=0x0, d=0, 'cc3a094'
05-22 23:57:05.731 I/HBD     (11039): a skip onKeyDown as physical keyboard not connected 
05-22 23:57:05.731 I/HBD     (11039): HoneyBoardService onKeyDown r:caa5fea9 consumed:false 
05-22 23:57:05.732 I/ViewRootImpl@f63227f[MainActivity](  937): ViewPostIme key 0
05-22 23:57:05.733 D/InputDispatcher( 5213): Inject key (2856): action=1, f=0x0, d=-1, time=1018525878000000
05-22 23:57:05.733 D/WindowManager( 5213): interceptKeyTq interceptKeyResult=1
05-22 23:57:05.734 I/InputDispatcher( 5213): Delivering key to (937): action: 0x1 (0), f=0x0, m=0x0, d=0, 'cc3a094'
05-22 23:57:05.735 I/HBD     (11039): HoneyBoardService onKeyUp r:3ba8df6b consumed:false 
05-22 23:57:05.765 I/ViewRootImpl@f63227f[MainActivity](  937): ViewPostIme key 1
05-22 23:57:05.767 D/InputDispatcher( 5213): Inject key (2856): action=0, f=0x0, d=-1, time=1018525878000000
05-22 23:57:05.767 D/WindowManager( 5213): interceptKeyTq interceptKeyResult=1
05-22 23:57:05.767 I/HBD     (11039): bd ous -  14 ,  14 ,  16 ,  16 ,  -1 ,  -1
05-22 23:57:05.768 I/InputDispatcher( 5213): Delivering key to (937): action: 0x0 (0), f=0x0, m=0x0, d=0, 'cc3a094'
05-22 23:57:05.782 I/HBD     (11039): al EBD cm f 1 
05-22 23:57:05.782 I/HBD     (11039): a skip onKeyDown as physical keyboard not connected 
05-22 23:57:05.783 I/HBD     (11039): HoneyBoardService onKeyDown r:836481b8 consumed:false 
05-22 23:57:05.783 E/SurfaceFlinger( 4899): Attempt to update InputPolicyFlags without permission ACCESS_SURFACE_FLINGER
05-22 23:57:05.794 I/ViewRootImpl@f63227f[MainActivity](  937): ViewPostIme key 0
05-22 23:57:05.796 D/InputDispatcher( 5213): Inject key (2856): action=1, f=0x0, d=-1, time=1018525878000000
05-22 23:57:05.796 D/WindowManager( 5213): interceptKeyTq interceptKeyResult=1
05-22 23:57:05.797 I/InputDispatcher( 5213): Delivering key to (937): action: 0x1 (0), f=0x0, m=0x0, d=0, 'cc3a094'
05-22 23:57:05.798 I/HBD     (11039): HoneyBoardService onKeyUp r:95df946a consumed:false 
05-22 23:57:05.798 I/ViewRootImpl@f63227f[MainActivity](  937): ViewPostIme key 1
05-22 23:57:05.799 D/InputDispatcher( 5213): Inject key (2856): action=0, f=0x0, d=-1, time=1018525878000000
05-22 23:57:05.799 D/WindowManager( 5213): interceptKeyTq interceptKeyResult=1
05-22 23:57:05.799 E/SurfaceFlinger( 4899): Attempt to update InputPolicyFlags without permission ACCESS_SURFACE_FLINGER
05-22 23:57:05.800 I/InputDispatcher( 5213): Delivering key to (937): action: 0x0 (0), f=0x0, m=0x0, d=0, 'cc3a094'
05-22 23:57:05.816 E/SurfaceFlinger( 4899): Attempt to update InputPolicyFlags without permission ACCESS_SURFACE_FLINGER
05-22 23:57:05.824 I/HBD     (11039): bd ous -  16 ,  16 ,  17 ,  17 ,  -1 ,  -1
05-22 23:57:05.832 E/SurfaceFlinger( 4899): Attempt to update InputPolicyFlags without permission ACCESS_SURFACE_FLINGER
05-22 23:57:05.836 I/HBD     (11039): al EBD cm f 1 
05-22 23:57:05.836 I/HBD     (11039): a skip onKeyDown as physical keyboard not connected 
05-22 23:57:05.837 I/HBD     (11039): HoneyBoardService onKeyDown r:cb41d118 consumed:false 
05-22 23:57:05.844 I/ViewRootImpl@f63227f[MainActivity](  937): ViewPostIme key 0
05-22 23:57:05.847 D/InputDispatcher( 5213): Inject key (2856): action=1, f=0x0, d=-1, time=1018525878000000
05-22 23:57:05.847 D/WindowManager( 5213): interceptKeyTq interceptKeyResult=1
05-22 23:57:05.848 I/InputDispatcher( 5213): Delivering key to (937): action: 0x1 (0), f=0x0, m=0x0, d=0, 'cc3a094'
05-22 23:57:05.848 E/SurfaceFlinger( 4899): Attempt to update InputPolicyFlags without permission ACCESS_SURFACE_FLINGER
05-22 23:57:05.849 I/HBD     (11039): HoneyBoardService onKeyUp r:6ab78777 consumed:false 
05-22 23:57:05.864 E/SurfaceFlinger( 4899): Attempt to update InputPolicyFlags without permission ACCESS_SURFACE_FLINGER
05-22 23:57:05.871 I/ViewRootImpl@f63227f[MainActivity](  937): ViewPostIme key 1
05-22 23:57:05.872 D/InputDispatcher( 5213): Inject key (2856): action=0, f=0x0, d=-1, time=1018525878000000
05-22 23:57:05.872 D/WindowManager( 5213): interceptKeyTq interceptKeyResult=1
05-22 23:57:05.872 I/HBD     (11039): bd ous -  17 ,  17 ,  18 ,  18 ,  -1 ,  -1
05-22 23:57:05.872 I/InputDispatcher( 5213): Delivering key to (937): action: 0x0 (0), f=0x0, m=0x0, d=0, 'cc3a094'
05-22 23:57:05.881 E/SurfaceFlinger( 4899): Attempt to update InputPolicyFlags without permission ACCESS_SURFACE_FLINGER
05-22 23:57:05.893 I/HBD     (11039): al EBD cm f 1 
05-22 23:57:05.893 I/HBD     (11039): a skip onKeyDown as physical keyboard not connected 
05-22 23:57:05.893 I/HBD     (11039): HoneyBoardService onKeyDown r:d925885b consumed:false 
05-22 23:57:05.894 I/ViewRootImpl@f63227f[MainActivity](  937): ViewPostIme key 0
05-22 23:57:05.896 D/InputDispatcher( 5213): Inject key (2856): action=1, f=0x0, d=-1, time=1018525878000000
05-22 23:57:05.896 D/WindowManager( 5213): interceptKeyTq interceptKeyResult=1
05-22 23:57:05.897 I/InputDispatcher( 5213): Delivering key to (937): action: 0x1 (0), f=0x0, m=0x0, d=0, 'cc3a094'
05-22 23:57:05.897 E/SurfaceFlinger( 4899): Attempt to update InputPolicyFlags without permission ACCESS_SURFACE_FLINGER
05-22 23:57:05.898 I/HBD     (11039): HoneyBoardService onKeyUp r:64ae3bd6 consumed:false 
05-22 23:57:05.914 E/SurfaceFlinger( 4899): Attempt to update InputPolicyFlags without permission ACCESS_SURFACE_FLINGER
05-22 23:57:05.920 I/ViewRootImpl@f63227f[MainActivity](  937): ViewPostIme key 1
05-22 23:57:05.921 D/InputDispatcher( 5213): Inject key (2856): action=0, f=0x0, d=-1, time=1018525878000000
05-22 23:57:05.921 I/HBD     (11039): bd ous -  18 ,  18 ,  19 ,  19 ,  -1 ,  -1
05-22 23:57:05.922 D/WindowManager( 5213): interceptKeyTq interceptKeyResult=1
05-22 23:57:05.922 I/InputDispatcher( 5213): Delivering key to (937): action: 0x0 (0), f=0x0, m=0x0, d=0, 'cc3a094'
05-22 23:57:05.930 E/SurfaceFlinger( 4899): Attempt to update InputPolicyFlags without permission ACCESS_SURFACE_FLINGER
05-22 23:57:05.934 I/HBD     (11039): al EBD cm f 1 
05-22 23:57:05.934 I/HBD     (11039): a skip onKeyDown as physical keyboard not connected 
05-22 23:57:05.934 I/HBD     (11039): HoneyBoardService onKeyDown r:eaa7355d consumed:false 
05-22 23:57:05.935 I/ViewRootImpl@f63227f[MainActivity](  937): ViewPostIme key 0
05-22 23:57:05.937 D/InputDispatcher( 5213): Inject key (2856): action=1, f=0x0, d=-1, time=1018525878000000
05-22 23:57:05.937 D/WindowManager( 5213): interceptKeyTq interceptKeyResult=1
05-22 23:57:05.938 I/InputDispatcher( 5213): Delivering key to (937): action: 0x1 (0), f=0x0, m=0x0, d=0, 'cc3a094'
05-22 23:57:05.946 E/SurfaceFlinger( 4899): Attempt to update InputPolicyFlags without permission ACCESS_SURFACE_FLINGER
05-22 23:57:05.960 I/HBD     (11039): bd ous -  19 ,  19 ,  20 ,  20 ,  -1 ,  -1
05-22 23:57:05.963 E/SurfaceFlinger( 4899): Attempt to update InputPolicyFlags without permission ACCESS_SURFACE_FLINGER
05-22 23:57:05.968 I/HBD     (11039): al EBD cm f 1 
05-22 23:57:05.969 I/HBD     (11039): HoneyBoardService onKeyUp r:ddbc8891 consumed:false 
05-22 23:57:05.970 I/ViewRootImpl@f63227f[MainActivity](  937): ViewPostIme key 1
05-22 23:57:05.979 E/SurfaceFlinger( 4899): Attempt to update InputPolicyFlags without permission ACCESS_SURFACE_FLINGER
05-22 23:57:05.996 E/SurfaceFlinger( 4899): Attempt to update InputPolicyFlags without permission ACCESS_SURFACE_FLINGER
05-22 23:57:06.157 D/SemNscXgbMsL1( 5213): Probability - Cloud gaming: [0.05289541]
05-22 23:57:06.157 D/SemNscXgbMsL1( 5213): Probability - Real time: [0.90942943]
05-22 23:57:06.158 D/SemNscXgbMsL1( 5213): Probability - Non real time: [0.93405503]
05-22 23:57:06.158 D/SemNscXgbMsL1( 5213): 1 sample inference time: 0.740653 msecs
05-22 23:57:06.159 D/SemNscXgbL2Rt( 5213): L2 RT 1 sample inference time: 1.034385 msecs
05-22 23:57:06.160 D/SemNscXgbL2Nrt( 5213): L2 NRT 1 sample inference time: 0.848423 msecs
05-22 23:57:06.487 E/SurfaceFlinger( 4899): Attempt to update InputPolicyFlags without permission ACCESS_SURFACE_FLINGER
--------- beginning of system
05-22 23:57:06.649 D/io_stats( 4423): !@   8,0 r 205457033 3939633184 w 24228883 564432548 d 0 0 f 0 0 iot 43765212 0 th 0 0 0 pt 0 inp 0 0 1018527.666
05-22 23:57:06.661 D/SemNscXgbMsL1( 5213): Probability - Cloud gaming: [0.03202303]
05-22 23:57:06.661 D/SemNscXgbMsL1( 5213): Probability - Real time: [0.75310284]
05-22 23:57:06.661 D/SemNscXgbMsL1( 5213): Probability - Non real time: [0.9733342]
05-22 23:57:06.662 D/SemNscXgbMsL1( 5213): 1 sample inference time: 0.728385 msecs
05-22 23:57:06.663 D/SemNscXgbL2Rt( 5213): L2 RT 1 sample inference time: 1.036808 msecs
05-22 23:57:06.664 D/SemNscXgbL2Nrt( 5213): L2 NRT 1 sample inference time: 0.870038 msecs
05-22 23:57:06.993 E/SurfaceFlinger( 4899): Attempt to update InputPolicyFlags without permission ACCESS_SURFACE_FLINGER
05-22 23:57:07.165 D/SemNscXgbMsL1( 5213): Probability - Cloud gaming: [0.0058663227]
05-22 23:57:07.166 D/SemNscXgbMsL1( 5213): Probability - Real time: [0.88647693]
05-22 23:57:07.166 D/SemNscXgbMsL1( 5213): Probability - Non real time: [0.93132085]
05-22 23:57:07.166 D/SemNscXgbMsL1( 5213): 1 sample inference time: 0.715154 msecs
05-22 23:57:07.167 D/SemNscXgbL2Rt( 5213): L2 RT 1 sample inference time: 1.087769 msecs
05-22 23:57:07.168 D/SemNscXgbL2Nrt( 5213): L2 NRT 1 sample inference time: 0.892153 msecs
05-22 23:57:07.202 I/SDHMS:C (10407): SIOP:: AP:313(393,80) BAT:351(351,0) USB:0(0,0) CHG:403(403,0) WIFI:392(392,0) LRP:387(387,0) LRF:374(374) LRB:387(387) 
05-22 23:57:07.500 E/SurfaceFlinger( 4899): Attempt to update InputPolicyFlags without permission ACCESS_SURFACE_FLINGER
05-22 23:57:07.671 D/SemNscXgbMsL1( 5213): Probability - Cloud gaming: [0.038815442]
05-22 23:57:07.671 D/SemNscXgbMsL1( 5213): Probability - Real time: [0.39940837]
05-22 23:57:07.671 D/SemNscXgbMsL1( 5213): Probability - Non real time: [0.95818764]
05-22 23:57:07.671 D/SemNscXgbMsL1( 5213): 1 sample inference time: 0.688 msecs
05-22 23:57:07.672 D/SemNscXgbL2Rt( 5213): L2 RT 1 sample inference time: 0.908846 msecs
05-22 23:57:07.673 D/SemNscXgbL2Nrt( 5213): L2 NRT 1 sample inference time: 0.858346 msecs
05-22 23:57:07.991 E/SurfaceFlinger( 4899): Attempt to update InputPolicyFlags without permission ACCESS_SURFACE_FLINGER
05-22 23:57:08.176 D/SemNscXgbMsL1( 5213): Probability - Cloud gaming: [0.013856506]
05-22 23:57:08.176 D/SemNscXgbMsL1( 5213): Probability - Real time: [0.4603315]
05-22 23:57:08.176 D/SemNscXgbMsL1( 5213): Probability - Non real time: [0.8591727]
05-22 23:57:08.176 D/SemNscXgbMsL1( 5213): 1 sample inference time: 0.71 msecs
05-22 23:57:08.177 D/SemNscXgbL2Rt( 5213): L2 RT 1 sample inference time: 0.905616 msecs
05-22 23:57:08.178 D/SemNscXgbL2Nrt( 5213): L2 NRT 1 sample inference time: 0.846539 msecs
05-22 23:57:08.475 D/BatteryDump( 4822): wait_for_battery_event : occurred : change@/devices/platform/battery/power_supply/battery 
05-22 23:57:08.485 E/android.hardware.health@2.1-service-samsung( 4822): Could not open /sys/class/power_supply/battery/lrp
05-22 23:57:08.487 D/BatteryService( 5213): Sending ACTION_BATTERY_CHANGED. scale:100, info:{.chargerAcOnline = false, .chargerUsbOnline = true, .chargerWirelessOnline = false, .maxChargingCurrent = 0, .maxChargingVoltage = 0, .batteryStatus = CHARGING, .batteryHealth = GOOD, .batteryPresent = true, .batteryLevel = 78, .batteryVoltage = 4215, .batteryTemperature = 351, .batteryCurrent = 967, .batteryCycleCount = 0, .batteryFullCharge = 6000000, .batteryChargeCounter = 4197663, .batteryTechnology = Li-ion}
05-22 23:57:08.488 D/BatteryService( 5213): online:4, current avg:940, charge type:1, POGO powered:false, power sharing:false, high voltage charger:false, charger_type:0, capacity:280000, misc_event:0x20000, current_event:0x8000, current_now:967
05-22 23:57:08.490 D/MotionRecognitionService( 5213): [SAR]  onReceive : ACTION_BATTERY_CHANGED, Plugged: 2
05-22 23:57:08.490 I/MotionRecognitionService( 5213): [TA] In/out: true, curr state: 1
05-22 23:57:08.491 D/PhoneWindowManagerExt( 5213): ACTION_BATTERY_CHANGED - Level=78, status=2
05-22 23:57:08.492 D/SemWifiApBroadcastReceiver( 5213): Received : android.intent.action.BATTERY_CHANGED
05-22 23:57:08.493 D/SemBigDataInfoController( 5538): Intent : android.intent.action.BATTERY_CHANGED
05-22 23:57:08.493 D/SemBigDataInfoController( 5538): Intent : android.intent.action.BATTERY_CHANGED
05-22 23:57:08.494 I/PowerUI ( 5568): mBootCompleted = true |  mFullyConnected = true
05-22 23:57:08.494 I/PowerUI ( 5568): BATTERY_HEALTH_CHECK extraHealth=2 mBatteryMiscEvent=131072
05-22 23:57:08.494 D/PowerUI ( 5568): priorPlugType = 2 mPlugType = 2 priorBatteryStatus = 2 mBatteryStatus = 2
05-22 23:57:08.494 I/PowerUI ( 5568): oldMisalign : false, curMisalign : false
05-22 23:57:08.496 D/PowerUI.Notification( 5568): showChargingNotice oldChargingType : 1 currentChargingType : 1 oldChargingTime : 884000 mChargingTime : 870000
05-22 23:57:08.496 D/PowerUI.Notification( 5568): showChargingNotification()
05-22 23:57:08.497 I/SurfaceFlinger( 4899): SFWD update time=1018529514870566
05-22 23:57:08.498 E/SurfaceFlinger( 4899): Attempt to update InputPolicyFlags without permission ACCESS_SURFACE_FLINGER
05-22 23:57:08.500 D/ApplicationPolicy( 5213): isStatusBarNotificationAllowedAsUser: packageName = com.android.systemui,userId = 0
05-22 23:57:08.500 D/ApplicationPolicy( 5213): isStatusBarNotificationAllowedAsUser: packageName = com.android.systemui,userId = -1
05-22 23:57:08.500 D/ApplicationPolicy( 5213): isStatusBarNotificationAllowedAsUser: converting userId from USER_ALLto 0
05-22 23:57:08.501 D/PowerUI ( 5568): Battery swelling mode - priorBatterySwellingMode = 0 mBatterySwellingMode = 0 mBatteryStatus = 2
05-22 23:57:08.501 I/PowerUI ( 5568): mBatteryMiscEvent = 131072
05-22 23:57:08.503 D/PowerUI.Notification( 5568): 1. restoreScreenTimeOut - saved_value : :
05-22 23:57:08.503 E/PowerUI.Notification( 5568): no saved value, so we do nothing !!
05-22 23:57:08.505 D/KeyguardUpdateMonitor( 5568): received broadcast android.intent.action.BATTERY_CHANGED
05-22 23:57:08.505 I/AODBatteryManager( 5568): updateBatteryData: ACTION_BATTERY_CHANGED
05-22 23:57:08.506 I/AODBatteryManager( 5568): saveBatteryData : AOD BatteryData [mBatteryLevel=78, mBatteryStatus=CHARGING, mBatteryPlugType=USB, mBatteryPlugged=true, mRemainingChargeTime=870000, mBatteryChargingType=1, mBatteryChargerType=NORMAL, mBatteryOnline=USB, mBatterySwellingMode=NONE, mBatteryProtectMode=false]
05-22 23:57:08.506 I/ChargingInfoManager( 5568): updateChargingInfo: newState = AOD ChargingInfo [mState=BATTERY_AND_REMAIN_TIME, mIsCharging=true, mIsFullyCharged=false, mIsBatteryProtectMode=false], oldState = AOD ChargingInfo [mState=BATTERY_AND_REMAIN_TIME, mIsCharging=true, mIsFullyCharged=false, mIsBatteryProtectMode=false]
05-22 23:57:08.517 D/QS      ( 5568): setQSExpansion 0.0 -142.8
05-22 23:57:08.520 D/QS      ( 5568): setQSExpansion 0.0 -142.8
05-22 23:57:08.520 V/SecQSFragmentAnimatorBase( 5568): setQsExpansionPosition 0.0
05-22 23:57:08.520 V/QsExpandAnimator( 5568): setQsExpansionPosition 0.0 0
05-22 23:57:08.521 D/QS      ( 5568): setQSExpansion 0.0 -142.8
05-22 23:57:08.522 D/IndicatorGardenInputProperty( 5568): updateRotation() prv:-1 >> new:0
05-22 23:57:08.523 D/DeviceState( 5568): getDeviceResolutionPixelSize - currentDensity = 420 deviceDensity = 420 initialDisplaySizeFactor = 1080 currentDisplaySizeFactor = 1080 initialDisplayDensity = 420 proportionalDensity = 420 proportionalPixel = 0
05-22 23:57:08.523 D/DeviceState( 5568): getDeviceResolutionPixelSize - currentDensity = 420 deviceDensity = 420 initialDisplaySizeFactor = 1080 currentDisplaySizeFactor = 1080 initialDisplayDensity = 420 proportionalDensity = 420 proportionalPixel = 0
05-22 23:57:08.523 D/DeviceState( 5568): getDeviceResolutionPixelSize - currentDensity = 420 deviceDensity = 420 initialDisplaySizeFactor = 1080 currentDisplaySizeFactor = 1080 initialDisplayDensity = 420 proportionalDensity = 420 proportionalPixel = 0
05-22 23:57:08.523 E/IndicatorGardenAlgorithmBasicCutout( 5568): NOT MATCH !!!! resourceHeight:78, cutoutHeight:83 ([IndicatorGardenInputProperty]  Rotation(0-0,90-1,180-2,270-3)0, Density:2.625, ScreenWidthSize:1080, CoverSidePadding:0, mIndicatorGardenCenterOffset:11, mCameraCutoutCropSize:60, mGardenPaddingStart:21, mIndicatorCornerPadding:0, mCameraSidePadding:0, mCameraTopMargin:0, DpCutout:DisplayCutout{insets=Rect(0, 83 - 0, 0) waterfall=Insets{left=0, top=0, right=0, bottom=0} boundingRect={Bounds=[Rect(0, 0 - 0, 0), Rect(443, 0 - 637, 83), Rect(0, 0 - 0, 0), Rect(0, 0 - 0, 0)]} cutoutPathParserInfo={CutoutPathParserInfo{displayWidth=1080 displayHeight=2340 density={2.625} cutoutSpec={M36.95,0C26.35,0,24.15,3.8,23.15,9.8 l-0.1,0.7c-1.7,9.6-9.3,17.2-18.9,18.9c-12.7,2.2-24.8-6.2-27-18.9 c0,0-0.1-0.7-0.1-0.7C-24.15,3.8,-26.25,0,-36.95,0Z @dp} rotation={0} scale={1.0}}}}) 
05-22 23:57:08.523 E/IndicatorGardenAlgorithmBasicCutout( 5568): NOT MATCH !!!! resourceHeight:78, cutoutHeight:83 ([IndicatorGardenInputProperty]  Rotation(0-0,90-1,180-2,270-3)0, Density:2.625, ScreenWidthSize:1080, CoverSidePadding:0, mIndicatorGardenCenterOffset:11, mCameraCutoutCropSize:60, mGardenPaddingStart:21, mIndicatorCornerPadding:0, mCameraSidePadding:0, mCameraTopMargin:0, DpCutout:DisplayCutout{insets=Rect(0, 83 - 0, 0) waterfall=Insets{left=0, top=0, right=0, bottom=0} boundingRect={Bounds=[Rect(0, 0 - 0, 0), Rect(443, 0 - 637, 83), Rect(0, 0 - 0, 0), Rect(0, 0 - 0, 0)]} cutoutPathParserInfo={CutoutPathParserInfo{displayWidth=1080 displayHeight=2340 density={2.625} cutoutSpec={M36.95,0C26.35,0,24.15,3.8,23.15,9.8 l-0.1,0.7c-1.7,9.6-9.3,17.2-18.9,18.9c-12.7,2.2-24.8-6.2-27-18.9 c0,0-0.1-0.7-0.1-0.7C-24.15,3.8,-26.25,0,-36.95,0Z @dp} rotation={0} scale={1.0}}}}) 
05-22 23:57:08.524 W/Looper  ( 5568): Slow dispatch took 10ms main h=android.view.Choreographer$FrameHandler c=android.view.Choreographer$FrameDisplayEventReceiver@6137dc7 m=0
05-22 23:57:08.524 D/KeyguardUpdateMonitor( 5568): handleBatteryUpdate
05-22 23:57:08.527 D/KeyguardSecIndicationController( 5568): addIndicationTimeout() returned - unlocking
05-22 23:57:08.527 D/KeyguardSecIndicationController( 5568): addIndication() returned - unlocking
05-22 23:57:08.527 D/KeyguardSecIndicationController( 5568): addBatteryIndication() status = BatteryStatus{status=2,level=78,plugged=2,health=2,maxChargingWattage=-1,remaining=870000ultraFastCharger=0}
05-22 23:57:08.527 W/Looper  ( 5568): Slow delivery took 20ms main h=com.android.keyguard.KeyguardUpdateMonitor$17 c=null m=302
05-22 23:57:08.527 W/Looper  ( 5568): Drained
05-22 23:57:08.681 D/SemNscXgbMsL1( 5213): Probability - Cloud gaming: [0.051891476]
05-22 23:57:08.681 D/SemNscXgbMsL1( 5213): Probability - Real time: [0.1293399]
05-22 23:57:08.681 D/SemNscXgbMsL1( 5213): Probability - Non real time: [0.9742569]
05-22 23:57:08.681 D/SemNscXgbMsL1( 5213): 1 sample inference time: 0.697231 msecs
05-22 23:57:08.682 D/SemNscXgbL2Rt( 5213): L2 RT 1 sample inference time: 0.947769 msecs
05-22 23:57:08.683 D/SemNscXgbL2Nrt( 5213): L2 NRT 1 sample inference time: 0.839423 msecs
05-22 23:57:08.711 I/Edge.badge(16058): updateBadge item = com.android.systemui:-1 1
05-22 23:57:08.711 I/Launcher.NotificationListener( 5975): onNotificationPosted : com.android.systemui number : 0
05-22 23:57:08.712 I/GW_NOTI-Provider-Fit3(32013): NotificationListener.onNotificationPosted - com.android.systemui[ -1 / 2131428820 ] : charging_state
05-22 23:57:08.712 I/HMApplication(32013): getWearableConnectionMgr() - sWConnectionMgr: com.samsung.wearable.hostmanager.connection.WearableConnectionManager@2c566e6
05-22 23:57:08.713 I/WearableConnectionManager(32013): getConnectedBTAddress() :##:##:##:##:54:1A
05-22 23:57:08.713 I/HMApplication(32013): getWearableConnectionMgr() - sWConnectionMgr: com.samsung.wearable.hostmanager.connection.WearableConnectionManager@2c566e6
05-22 23:57:08.713 D/InterruptionStateProvider( 5568): No bubble up: not allowed to bubble: -1|com.android.systemui|2131428820|charging_state|10052
05-22 23:57:08.713 I/WearableConnectionManager(32013): isConnected() btAddress:##:##:##:##:54:1A mBtAddress:##:##:##:##:54:1A saAgentReadyStatus:0 connected result = true
05-22 23:57:08.714 I/GW_NOTI-Provider-Fit3(32013): NotificationListener.checkAndSendNotificationAhead - com.android.systemui[ -1 / 2131428820 ] : charging_state,   isPostedNotification: true, afterConnection: 0
